Component: ARM Compiler 5.06 update 7 (build 960) Tool: armlink [4d3601]

==============================================================================

Section Cross References

    startup_stm32f407xx.o(RESET) refers to startup_stm32f407xx.o(STACK) for __initial_sp
    startup_stm32f407xx.o(RESET) refers to startup_stm32f407xx.o(.text) for Reset_Handler
    startup_stm32f407xx.o(RESET) refers to stm32f4xx_it.o(i.NMI_Handler) for NMI_Handler
    startup_stm32f407xx.o(RESET) refers to stm32f4xx_it.o(i.HardFault_Handler) for HardFault_Handler
    startup_stm32f407xx.o(RESET) refers to stm32f4xx_it.o(i.MemManage_Handler) for MemManage_Handler
    startup_stm32f407xx.o(RESET) refers to stm32f4xx_it.o(i.BusFault_Handler) for BusFault_Handler
    startup_stm32f407xx.o(RESET) refers to stm32f4xx_it.o(i.UsageFault_Handler) for UsageFault_Handler
    startup_stm32f407xx.o(RESET) refers to stm32f4xx_it.o(i.SVC_Handler) for SVC_Handler
    startup_stm32f407xx.o(RESET) refers to stm32f4xx_it.o(i.DebugMon_Handler) for DebugMon_Handler
    startup_stm32f407xx.o(RESET) refers to stm32f4xx_it.o(i.PendSV_Handler) for PendSV_Handler
    startup_stm32f407xx.o(RESET) refers to stm32f4xx_it.o(i.SysTick_Handler) for SysTick_Handler
    startup_stm32f407xx.o(.text) refers to system_stm32f4xx.o(i.SystemInit) for SystemInit
    startup_stm32f407xx.o(.text) refers to entry.o(.ARM.Collect$$$$00000000) for __main
    main.o(i.SystemClock_Config) refers to memseta.o(.text) for __aeabi_memclr4
    main.o(i.SystemClock_Config) refers to stm32f4xx_hal_rcc.o(i.HAL_RCC_OscConfig) for HAL_RCC_OscConfig
    main.o(i.SystemClock_Config) refers to stm32f4xx_hal_rcc.o(i.HAL_RCC_ClockConfig) for HAL_RCC_ClockConfig
    main.o(i.fputc) refers to stm32f4xx_hal_uart.o(i.HAL_UART_Transmit) for HAL_UART_Transmit
    main.o(i.fputc) refers to usart.o(.bss) for huart1
    main.o(i.main) refers to stm32f4xx_hal.o(i.HAL_Init) for HAL_Init
    main.o(i.main) refers to main.o(i.SystemClock_Config) for SystemClock_Config
    main.o(i.main) refers to gpio.o(i.MX_GPIO_Init) for MX_GPIO_Init
    main.o(i.main) refers to spi.o(i.MX_SPI1_Init) for MX_SPI1_Init
    main.o(i.main) refers to usart.o(i.MX_USART1_UART_Init) for MX_USART1_UART_Init
    main.o(i.main) refers to i2c.o(i.MX_I2C1_Init) for MX_I2C1_Init
    main.o(i.main) refers to aes.o(i.aes_initKey) for aes_initKey
    main.o(i.main) refers to aes.o(i.aes_encrypt) for aes_encrypt
    main.o(i.main) refers to printf5.o(i.__0printf$5) for __2printf
    main.o(i.main) refers to aes.o(i.aes_decrypt) for aes_decrypt
    main.o(.data) refers to main.o(.data) for pData
    gpio.o(i.MX_GPIO_Init) refers to memseta.o(.text) for __aeabi_memclr4
    gpio.o(i.MX_GPIO_Init) refers to stm32f4xx_hal_gpio.o(i.HAL_GPIO_WritePin) for HAL_GPIO_WritePin
    gpio.o(i.MX_GPIO_Init) refers to stm32f4xx_hal_gpio.o(i.HAL_GPIO_Init) for HAL_GPIO_Init
    i2c.o(i.HAL_I2C_MspDeInit) refers to stm32f4xx_hal_gpio.o(i.HAL_GPIO_DeInit) for HAL_GPIO_DeInit
    i2c.o(i.HAL_I2C_MspInit) refers to memseta.o(.text) for __aeabi_memclr4
    i2c.o(i.HAL_I2C_MspInit) refers to stm32f4xx_hal_gpio.o(i.HAL_GPIO_Init) for HAL_GPIO_Init
    i2c.o(i.MX_I2C1_Init) refers to stm32f4xx_hal_i2c.o(i.HAL_I2C_Init) for HAL_I2C_Init
    i2c.o(i.MX_I2C1_Init) refers to main.o(i.Error_Handler) for Error_Handler
    i2c.o(i.MX_I2C1_Init) refers to i2c.o(.bss) for .bss
    spi.o(i.HAL_SPI_MspDeInit) refers to stm32f4xx_hal_gpio.o(i.HAL_GPIO_DeInit) for HAL_GPIO_DeInit
    spi.o(i.HAL_SPI_MspInit) refers to memseta.o(.text) for __aeabi_memclr4
    spi.o(i.HAL_SPI_MspInit) refers to stm32f4xx_hal_gpio.o(i.HAL_GPIO_Init) for HAL_GPIO_Init
    spi.o(i.MX_SPI1_Init) refers to stm32f4xx_hal_spi.o(i.HAL_SPI_Init) for HAL_SPI_Init
    spi.o(i.MX_SPI1_Init) refers to main.o(i.Error_Handler) for Error_Handler
    spi.o(i.MX_SPI1_Init) refers to spi.o(.bss) for .bss
    usart.o(i.HAL_UART_MspDeInit) refers to stm32f4xx_hal_gpio.o(i.HAL_GPIO_DeInit) for HAL_GPIO_DeInit
    usart.o(i.HAL_UART_MspInit) refers to memseta.o(.text) for __aeabi_memclr4
    usart.o(i.HAL_UART_MspInit) refers to stm32f4xx_hal_gpio.o(i.HAL_GPIO_Init) for HAL_GPIO_Init
    usart.o(i.MX_USART1_UART_Init) refers to stm32f4xx_hal_uart.o(i.HAL_UART_Init) for HAL_UART_Init
    usart.o(i.MX_USART1_UART_Init) refers to main.o(i.Error_Handler) for Error_Handler
    usart.o(i.MX_USART1_UART_Init) refers to usart.o(.bss) for .bss
    stm32f4xx_it.o(i.SysTick_Handler) refers to stm32f4xx_hal.o(i.HAL_IncTick) for HAL_IncTick
    aes.o(i.InvMixColumns) refers to memcpya.o(.text) for __aeabi_memcpy
    aes.o(i.InvMixColumns) refers to aes.o(i.gfmultby0e) for gfmultby0e
    aes.o(i.InvMixColumns) refers to aes.o(i.gfmultby0b) for gfmultby0b
    aes.o(i.InvMixColumns) refers to aes.o(i.gfmultby0d) for gfmultby0d
    aes.o(i.InvMixColumns) refers to aes.o(i.gfmultby09) for gfmultby09
    aes.o(i.InvShiftRows) refers to memcpya.o(.text) for __aeabi_memcpy
[...]
    Removing stm32f4xx_hal_pwr.o(i.HAL_PWR_DisableSleepOnExit), (16 bytes).
    Removing stm32f4xx_hal_pwr.o(i.HAL_PWR_DisableWakeUpPin), (16 bytes).
    Removing stm32f4xx_hal_pwr.o(i.HAL_PWR_EnableBkUpAccess), (12 bytes).
    Removing stm32f4xx_hal_pwr.o(i.HAL_PWR_EnablePVD), (12 bytes).
    Removing stm32f4xx_hal_pwr.o(i.HAL_PWR_EnableSEVOnPend), (16 bytes).
    Removing stm32f4xx_hal_pwr.o(i.HAL_PWR_EnableSleepOnExit), (16 bytes).
    Removing stm32f4xx_hal_pwr.o(i.HAL_PWR_EnableWakeUpPin), (16 bytes).
    Removing stm32f4xx_hal_pwr.o(i.HAL_PWR_EnterSLEEPMode), (32 bytes).
    Removing stm32f4xx_hal_pwr.o(i.HAL_PWR_EnterSTANDBYMode), (32 bytes).
    Removing stm32f4xx_hal_pwr.o(i.HAL_PWR_EnterSTOPMode), (56 bytes).
    Removing stm32f4xx_hal_pwr.o(i.HAL_PWR_PVDCallback), (2 bytes).
    Removing stm32f4xx_hal_pwr.o(i.HAL_PWR_PVD_IRQHandler), (28 bytes).
    Removing stm32f4xx_hal_pwr_ex.o(.rev16_text), (4 bytes).
    Removing stm32f4xx_hal_pwr_ex.o(.revsh_text), (4 bytes).
    Removing stm32f4xx_hal_pwr_ex.o(.rrx_text), (6 bytes).
    Removing stm32f4xx_hal_pwr_ex.o(i.HAL_PWREx_ControlVoltageScaling), (88 bytes).
    Removing stm32f4xx_hal_pwr_ex.o(i.HAL_PWREx_DisableBkUpReg), (60 bytes).
    Removing stm32f4xx_hal_pwr_ex.o(i.HAL_PWREx_DisableFlashPowerDown), (12 bytes).
    Removing stm32f4xx_hal_pwr_ex.o(i.HAL_PWREx_EnableBkUpReg), (60 bytes).
    Removing stm32f4xx_hal_pwr_ex.o(i.HAL_PWREx_EnableFlashPowerDown), (12 bytes).
    Removing stm32f4xx_hal_pwr_ex.o(i.HAL_PWREx_GetVoltageRange), (16 bytes).
    Removing stm32f4xx_hal_cortex.o(.rev16_text), (4 bytes).
    Removing stm32f4xx_hal_cortex.o(.revsh_text), (4 bytes).
    Removing stm32f4xx_hal_cortex.o(.rrx_text), (6 bytes).
    Removing stm32f4xx_hal_cortex.o(i.HAL_MPU_ConfigRegion), (84 bytes).
    Removing stm32f4xx_hal_cortex.o(i.HAL_MPU_Disable), (28 bytes).
    Removing stm32f4xx_hal_cortex.o(i.HAL_MPU_Enable), (36 bytes).
    Removing stm32f4xx_hal_cortex.o(i.HAL_NVIC_ClearPendingIRQ), (26 bytes).
    Removing stm32f4xx_hal_cortex.o(i.HAL_NVIC_DisableIRQ), (34 bytes).
    Removing stm32f4xx_hal_cortex.o(i.HAL_NVIC_EnableIRQ), (26 bytes).
    Removing stm32f4xx_hal_cortex.o(i.HAL_NVIC_GetActive), (36 bytes).
    Removing stm32f4xx_hal_cortex.o(i.HAL_NVIC_GetPendingIRQ), (36 bytes).
    Removing stm32f4xx_hal_cortex.o(i.HAL_NVIC_GetPriority), (82 bytes).
    Removing stm32f4xx_hal_cortex.o(i.HAL_NVIC_GetPriorityGrouping), (16 bytes).
    Removing stm32f4xx_hal_cortex.o(i.HAL_NVIC_SetPendingIRQ), (26 bytes).
    Removing stm32f4xx_hal_cortex.o(i.HAL_NVIC_SystemReset), (36 bytes).
    Removing stm32f4xx_hal_cortex.o(i.HAL_SYSTICK_CLKSourceConfig), (24 bytes).
    Removing stm32f4xx_hal_cortex.o(i.HAL_SYSTICK_Callback), (2 bytes).
    Removing stm32f4xx_hal_cortex.o(i.HAL_SYSTICK_IRQHandler), (8 bytes).
    Removing stm32f4xx_hal.o(.rev16_text), (4 bytes).
    Removing stm32f4xx_hal.o(.revsh_text), (4 bytes).
    Removing stm32f4xx_hal.o(.rrx_text), (6 bytes).
    Removing stm32f4xx_hal.o(i.HAL_DBGMCU_DisableDBGSleepMode), (16 bytes).
    Removing stm32f4xx_hal.o(i.HAL_DBGMCU_DisableDBGStandbyMode), (16 bytes).
    Removing stm32f4xx_hal.o(i.HAL_DBGMCU_DisableDBGStopMode), (16 bytes).
    Removing stm32f4xx_hal.o(i.HAL_DBGMCU_EnableDBGSleepMode), (16 bytes).
    Removing stm32f4xx_hal.o(i.HAL_DBGMCU_EnableDBGStandbyMode), (16 bytes).
    Removing stm32f4xx_hal.o(i.HAL_DBGMCU_EnableDBGStopMode), (16 bytes).
    Removing stm32f4xx_hal.o(i.HAL_DeInit), (52 bytes).
    Removing stm32f4xx_hal.o(i.HAL_Delay), (36 bytes).
    Removing stm32f4xx_hal.o(i.HAL_DisableCompensationCell), (12 bytes).
    Removing stm32f4xx_hal.o(i.HAL_EnableCompensationCell), (12 bytes).
    Removing stm32f4xx_hal.o(i.HAL_GetDEVID), (16 bytes).
    Removing stm32f4xx_hal.o(i.HAL_GetHalVersion), (8 bytes).
    Removing stm32f4xx_hal.o(i.HAL_GetREVID), (12 bytes).
    Removing stm32f4xx_hal.o(i.HAL_GetTickFreq), (12 bytes).
    Removing stm32f4xx_hal.o(i.HAL_GetTickPrio), (12 bytes).
    Removing stm32f4xx_hal.o(i.HAL_GetUIDw0), (12 bytes).
    Removing stm32f4xx_hal.o(i.HAL_GetUIDw1), (12 bytes).
    Removing stm32f4xx_hal.o(i.HAL_GetUIDw2), (12 bytes).
    Removing stm32f4xx_hal.o(i.HAL_MspDeInit), (2 bytes).
    Removing stm32f4xx_hal.o(i.HAL_MspInit), (2 bytes).
    Removing stm32f4xx_hal.o(i.HAL_ResumeTick), (14 bytes).
    Removing stm32f4xx_hal.o(i.HAL_SetTickFreq), (36 bytes).
    Removing stm32f4xx_hal.o(i.HAL_SuspendTick), (14 bytes).
    Removing stm32f4xx_hal_exti.o(.rev16_text), (4 bytes).
    Removing stm32f4xx_hal_exti.o(.revsh_text), (4 bytes).
    Removing stm32f4xx_hal_exti.o(.rrx_text), (6 bytes).
    Removing stm32f4xx_hal_exti.o(i.HAL_EXTI_ClearConfigLine), (108 bytes).
    Removing stm32f4xx_hal_exti.o(i.HAL_EXTI_ClearPending), (20 bytes).
    Removing stm32f4xx_hal_exti.o(i.HAL_EXTI_GenerateSWI), (20 bytes).
    Removing stm32f4xx_hal_exti.o(i.HAL_EXTI_GetConfigLine), (156 bytes).
    Removing stm32f4xx_hal_exti.o(i.HAL_EXTI_GetHandle), (12 bytes).
    Removing stm32f4xx_hal_exti.o(i.HAL_EXTI_GetPending), (24 bytes).
    Removing stm32f4xx_hal_exti.o(i.HAL_EXTI_IRQHandler), (36 bytes).
    Removing stm32f4xx_hal_exti.o(i.HAL_EXTI_RegisterCallback), (14 bytes).
    Removing stm32f4xx_hal_exti.o(i.HAL_EXTI_SetConfigLine), (168 bytes).
    Removing stm32f4xx_hal_spi.o(.rev16_text), (4 bytes).
    Removing stm32f4xx_hal_spi.o(.revsh_text), (4 bytes).
    Removing stm32f4xx_hal_spi.o(.rrx_text), (6 bytes).
    Removing stm32f4xx_hal_spi.o(i.HAL_SPI_Abort), (292 bytes).
    Removing stm32f4xx_hal_spi.o(i.HAL_SPI_AbortCpltCallback), (2 bytes).
    Removing stm32f4xx_hal_spi.o(i.HAL_SPI_Abort_IT), (292 bytes).
    Removing stm32f4xx_hal_spi.o(i.HAL_SPI_DMAPause), (38 bytes).
    Removing stm32f4xx_hal_spi.o(i.HAL_SPI_DMAResume), (38 bytes).
    Removing stm32f4xx_hal_spi.o(i.HAL_SPI_DMAStop), (66 bytes).
    Removing stm32f4xx_hal_spi.o(i.HAL_SPI_DeInit), (46 bytes).
    Removing stm32f4xx_hal_spi.o(i.HAL_SPI_ErrorCallback), (2 bytes).
    Removing stm32f4xx_hal_spi.o(i.HAL_SPI_GetError), (4 bytes).
    Removing stm32f4xx_hal_spi.o(i.HAL_SPI_GetState), (6 bytes).
    Removing stm32f4xx_hal_spi.o(i.HAL_SPI_IRQHandler), (252 bytes).
    Removing stm32f4xx_hal_spi.o(i.HAL_SPI_MspDeInit), (2 bytes).
    Removing stm32f4xx_hal_spi.o(i.HAL_SPI_MspInit), (2 bytes).
    Removing stm32f4xx_hal_spi.o(i.HAL_SPI_Receive), (336 bytes).
    Removing stm32f4xx_hal_spi.o(i.HAL_SPI_Receive_DMA), (232 bytes).
    Removing stm32f4xx_hal_spi.o(i.HAL_SPI_Receive_IT), (164 bytes).
    Removing stm32f4xx_hal_spi.o(i.HAL_SPI_RxCpltCallback), (2 bytes).
    Removing stm32f4xx_hal_spi.o(i.HAL_SPI_RxHalfCpltCallback), (2 bytes).
    Removing stm32f4xx_hal_spi.o(i.HAL_SPI_Transmit), (348 bytes).
    Removing stm32f4xx_hal_spi.o(i.HAL_SPI_TransmitReceive), (482 bytes).
    Removing stm32f4xx_hal_spi.o(i.HAL_SPI_TransmitReceive_DMA), (292 bytes).
    Removing stm32f4xx_hal_spi.o(i.HAL_SPI_TransmitReceive_IT), (164 bytes).
    Removing stm32f4xx_hal_spi.o(i.HAL_SPI_Transmit_DMA), (204 bytes).
    Removing stm32f4xx_hal_spi.o(i.HAL_SPI_Transmit_IT), (140 bytes).
    Removing stm32f4xx_hal_spi.o(i.HAL_SPI_TxCpltCallback), (2 bytes).
    Removing stm32f4xx_hal_spi.o(i.HAL_SPI_TxHalfCpltCallback), (2 bytes).
    Removing stm32f4xx_hal_spi.o(i.HAL_SPI_TxRxCpltCallback), (2 bytes).
    Removing stm32f4xx_hal_spi.o(i.HAL_SPI_TxRxHalfCpltCallback), (2 bytes).
    Removing stm32f4xx_hal_spi.o(i.SPI_2linesRxISR_16BIT), (48 bytes).
    Removing stm32f4xx_hal_spi.o(i.SPI_2linesRxISR_8BIT), (48 bytes).
    Removing stm32f4xx_hal_spi.o(i.SPI_2linesTxISR_16BIT), (48 bytes).
    Removing stm32f4xx_hal_spi.o(i.SPI_2linesTxISR_8BIT), (48 bytes).
    Removing stm32f4xx_hal_spi.o(i.SPI_AbortRx_ISR), (80 bytes).
    Removing stm32f4xx_hal_spi.o(i.SPI_AbortTx_ISR), (28 bytes).
    Removing stm32f4xx_hal_spi.o(i.SPI_CloseRxTx_ISR), (144 bytes).
    Removing stm32f4xx_hal_spi.o(i.SPI_CloseRx_ISR), (76 bytes).
    Removing stm32f4xx_hal_spi.o(i.SPI_CloseTx_ISR), (124 bytes).
    Removing stm32f4xx_hal_spi.o(i.SPI_DMAAbortOnError), (16 bytes).
    Removing stm32f4xx_hal_spi.o(i.SPI_DMAError), (34 bytes).
    Removing stm32f4xx_hal_spi.o(i.SPI_DMAHalfReceiveCplt), (10 bytes).
    Removing stm32f4xx_hal_spi.o(i.SPI_DMAHalfTransmitCplt), (10 bytes).
    Removing stm32f4xx_hal_spi.o(i.SPI_DMAHalfTransmitReceiveCplt), (10 bytes).
    Removing stm32f4xx_hal_spi.o(i.SPI_DMAReceiveCplt), (106 bytes).
    Removing stm32f4xx_hal_spi.o(i.SPI_DMARxAbortCallback), (102 bytes).
    Removing stm32f4xx_hal_spi.o(i.SPI_DMATransmitCplt), (100 bytes).
    Removing stm32f4xx_hal_spi.o(i.SPI_DMATransmitReceiveCplt), (90 bytes).
    Removing stm32f4xx_hal_spi.o(i.SPI_DMATxAbortCallback), (116 bytes).
    Removing stm32f4xx_hal_spi.o(i.SPI_EndRxTransaction), (92 bytes).
    Removing stm32f4xx_hal_spi.o(i.SPI_EndRxTxTransaction), (88 bytes).
    Removing stm32f4xx_hal_spi.o(i.SPI_RxISR_16BIT), (32 bytes).
    Removing stm32f4xx_hal_spi.o(i.SPI_RxISR_8BIT), (32 bytes).
    Removing stm32f4xx_hal_spi.o(i.SPI_TxISR_16BIT), (32 bytes).
    Removing stm32f4xx_hal_spi.o(i.SPI_TxISR_8BIT), (32 bytes).
    Removing stm32f4xx_hal_spi.o(i.SPI_WaitFlagStateUntilTimeout), (148 bytes).
    Removing stm32f4xx_hal_tim.o(.rev16_text), (4 bytes).
    Removing stm32f4xx_hal_tim.o(.revsh_text), (4 bytes).
    Removing stm32f4xx_hal_tim.o(.rrx_text), (6 bytes).
    Removing stm32f4xx_hal_tim_ex.o(.rev16_text), (4 bytes).
    Removing stm32f4xx_hal_tim_ex.o(.revsh_text), (4 bytes).
    Removing stm32f4xx_hal_tim_ex.o(.rrx_text), (6 bytes).
    Removing stm32f4xx_hal_uart.o(.rev16_text), (4 bytes).
    Removing stm32f4xx_hal_uart.o(.revsh_text), (4 bytes).
    Removing stm32f4xx_hal_uart.o(.rrx_text), (6 bytes).
    Removing stm32f4xx_hal_uart.o(i.HAL_HalfDuplex_EnableReceiver), (50 bytes).
    Removing stm32f4xx_hal_uart.o(i.HAL_HalfDuplex_EnableTransmitter), (50 bytes).
    Removing stm32f4xx_hal_uart.o(i.HAL_HalfDuplex_Init), (108 bytes).
    Removing stm32f4xx_hal_uart.o(i.HAL_LIN_Init), (128 bytes).
    Removing stm32f4xx_hal_uart.o(i.HAL_LIN_SendBreak), (46 bytes).
    Removing stm32f4xx_hal_uart.o(i.HAL_MultiProcessor_EnterMuteMode), (46 bytes).
    Removing stm32f4xx_hal_uart.o(i.HAL_MultiProcessor_ExitMuteMode), (46 bytes).
    Removing stm32f4xx_hal_uart.o(i.HAL_MultiProcessor_Init), (142 bytes).
    Removing stm32f4xx_hal_uart.o(i.HAL_UART_Abort), (138 bytes).
    Removing stm32f4xx_hal_uart.o(i.HAL_UART_AbortCpltCallback), (2 bytes).
    Removing stm32f4xx_hal_uart.o(i.HAL_UART_AbortReceive), (88 bytes).
    Removing stm32f4xx_hal_uart.o(i.HAL_UART_AbortReceiveCpltCallback), (2 bytes).
    Removing stm32f4xx_hal_uart.o(i.HAL_UART_AbortReceive_IT), (92 bytes).
    Removing stm32f4xx_hal_uart.o(i.HAL_UART_AbortTransmit), (78 bytes).
    Removing stm32f4xx_hal_uart.o(i.HAL_UART_AbortTransmitCpltCallback), (2 bytes).
    Removing stm32f4xx_hal_uart.o(i.HAL_UART_AbortTransmit_IT), (84 bytes).
    Removing stm32f4xx_hal_uart.o(i.HAL_UART_Abort_IT), (172 bytes).
    Removing stm32f4xx_hal_uart.o(i.HAL_UART_DMAPause), (102 bytes).
    Removing stm32f4xx_hal_uart.o(i.HAL_UART_DMAResume), (94 bytes).
    Removing stm32f4xx_hal_uart.o(i.HAL_UART_DMAStop), (88 bytes).
    Removing stm32f4xx_hal_uart.o(i.HAL_UART_DeInit), (50 bytes).
    Removing stm32f4xx_hal_uart.o(i.HAL_UART_ErrorCallback), (2 bytes).
    Removing stm32f4xx_hal_uart.o(i.HAL_UART_GetError), (4 bytes).
    Removing stm32f4xx_hal_uart.o(i.HAL_UART_GetState), (10 bytes).
    Removing stm32f4xx_hal_uart.o(i.HAL_UART_IRQHandler), (276 bytes).
    Removing stm32f4xx_hal_uart.o(i.HAL_UART_MspDeInit), (2 bytes).
    Removing stm32f4xx_hal_uart.o(i.HAL_UART_MspInit), (2 bytes).
    Removing stm32f4xx_hal_uart.o(i.HAL_UART_Receive), (190 bytes).
    Removing stm32f4xx_hal_uart.o(i.HAL_UART_Receive_DMA), (152 bytes).
    Removing stm32f4xx_hal_uart.o(i.HAL_UART_Receive_IT), (82 bytes).
    Removing stm32f4xx_hal_uart.o(i.HAL_UART_RxCpltCallback), (2 bytes).
    Removing stm32f4xx_hal_uart.o(i.HAL_UART_RxHalfCpltCallback), (2 bytes).
    Removing stm32f4xx_hal_uart.o(i.HAL_UART_Transmit_DMA), (128 bytes).
    Removing stm32f4xx_hal_uart.o(i.HAL_UART_Transmit_IT), (62 bytes).
    Removing stm32f4xx_hal_uart.o(i.HAL_UART_TxCpltCallback), (2 bytes).
    Removing stm32f4xx_hal_uart.o(i.HAL_UART_TxHalfCpltCallback), (2 bytes).
    Removing stm32f4xx_hal_uart.o(i.UART_DMAAbortOnError), (16 bytes).
    Removing stm32f4xx_hal_uart.o(i.UART_DMAError), (74 bytes).
    Removing stm32f4xx_hal_uart.o(i.UART_DMAReceiveCplt), (60 bytes).
    Removing stm32f4xx_hal_uart.o(i.UART_DMARxAbortCallback), (42 bytes).
    Removing stm32f4xx_hal_uart.o(i.UART_DMARxHalfCplt), (10 bytes).
    Removing stm32f4xx_hal_uart.o(i.UART_DMARxOnlyAbortCallback), (20 bytes).
    Removing stm32f4xx_hal_uart.o(i.UART_DMATransmitCplt), (46 bytes).
    Removing stm32f4xx_hal_uart.o(i.UART_DMATxAbortCallback), (42 bytes).
    Removing stm32f4xx_hal_uart.o(i.UART_DMATxHalfCplt), (10 bytes).
    Removing stm32f4xx_hal_uart.o(i.UART_DMATxOnlyAbortCallback), (20 bytes).
    Removing stm32f4xx_hal_uart.o(i.UART_EndRxTransfer), (28 bytes).
    Removing stm32f4xx_hal_uart.o(i.UART_EndTxTransfer), (18 bytes).
    Removing stm32f4xx_hal_uart.o(i.UART_Receive_IT), (150 bytes).
    Removing stm32f4xx_hal_uart.o(i.UART_Transmit_IT), (98 bytes).
    Removing system_stm32f4xx.o(.rev16_text), (4 bytes).
    Removing system_stm32f4xx.o(.revsh_text), (4 bytes).
    Removing system_stm32f4xx.o(.rrx_text), (6 bytes).
    Removing system_stm32f4xx.o(i.SystemCoreClockUpdate), (120 bytes).
    Removing phhalhw.o(i.phhalHw_ApplyProtocolSettings), (36 bytes).
    Removing phhalhw.o(i.phhalHw_Exchange), (46 bytes).
    Removing phhalhw.o(i.phhalHw_FieldOff), (30 bytes).
    Removing phhalhw.o(i.phhalHw_FieldOn), (30 bytes).
    Removing phhalhw.o(i.phhalHw_FieldReset), (30 bytes).
    Removing phhalhw.o(i.phhalHw_GetConfig), (36 bytes).
    Removing phhalhw.o(i.phhalHw_MfcAuthenticate), (36 bytes).
    Removing phhalhw.o(i.phhalHw_MfcAuthenticateKeyNo), (46 bytes).
    Removing phhalhw.o(i.phhalHw_ReadRegister), (36 bytes).
    Removing phhalhw.o(i.phhalHw_SetConfig), (36 bytes).
    Removing phhalhw.o(i.phhalHw_Wait), (36 bytes).
    Removing phhalhw.o(i.phhalHw_WriteRegister), (36 bytes).
    Removing regctl_spihw.o(.rev16_text), (4 bytes).
    Removing regctl_spihw.o(.revsh_text), (4 bytes).
    Removing regctl_spihw.o(.rrx_text), (6 bytes).
    Removing regctl_spihw.o(i.RegCtl_SpiHwGetReg), (52 bytes).
    Removing regctl_spihw.o(i.RegCtl_SpiHwSetReg), (48 bytes).
    Removing regctl_spihw.o(i.SPI1_ReadWriteByte), (32 bytes).
    Removing regctl_spihw.o(i._SSP0_GetReg), (48 bytes).
    Removing regctl_spihw.o(i._SSP0_SetReg), (48 bytes).
    Removing phbalreg.o(i.phbalReg_ClosePort), (30 bytes).
    Removing phbalreg.o(i.phbalReg_Exchange), (48 bytes).
    Removing phbalreg.o(i.phbalReg_GetConfig), (46 bytes).
    Removing phbalreg.o(i.phbalReg_GetPortList), (36 bytes).
    Removing phbalreg.o(i.phbalReg_OpenPort), (30 bytes).
    Removing phbalreg.o(i.phbalReg_SetConfig), (46 bytes).
    Removing phbalreg.o(i.phbalReg_SetPort), (36 bytes).
    Removing phbalreg_stub.o(i.phbalReg_Stub_ClosePort), (4 bytes).
    Removing phbalreg_stub.o(i.phbalReg_Stub_Exchange), (46 bytes).
    Removing phbalreg_stub.o(i.phbalReg_Stub_GetConfig), (4 bytes).
    Removing phbalreg_stub.o(i.phbalReg_Stub_GetPortList), (6 bytes).
    Removing phbalreg_stub.o(i.phbalReg_Stub_Init), (20 bytes).
    Removing phbalreg_stub.o(i.phbalReg_Stub_OpenPort), (4 bytes).
    Removing phbalreg_stub.o(i.phbalReg_Stub_SetConfig), (4 bytes).
    Removing phbalreg_stub.o(i.phbalReg_Stub_SetPort), (4 bytes).
    Removing phali15693.o(i.phalI15693_GetMultipleBlockSecurityStatus), (36 bytes).
    Removing phali15693.o(i.phalI15693_GetSystemInformation), (36 bytes).
    Removing phali15693.o(i.phalI15693_LockAFI), (36 bytes).
    Removing phali15693.o(i.phalI15693_LockBlock), (36 bytes).
    Removing phali15693.o(i.phalI15693_LockDSFID), (36 bytes).
    Removing phali15693.o(i.phalI15693_ReadMultipleBlocks), (46 bytes).
    Removing phali15693.o(i.phalI15693_ReadSingleBlock), (36 bytes).
    Removing phali15693.o(i.phalI15693_WriteAFI), (36 bytes).
    Removing phali15693.o(i.phalI15693_WriteDSFID), (36 bytes).
    Removing phali15693.o(i.phalI15693_WriteMultipleBlocks), (46 bytes).
    Removing phali15693.o(i.phalI15693_WriteSingleBlock), (36 bytes).
    Removing phali15693_sw.o(i.phalI15693_Sw_GetMultipleBlockSecurityStatus), (94 bytes).
    Removing phali15693_sw.o(i.phalI15693_Sw_GetSystemInformation), (110 bytes).
    Removing phali15693_sw.o(i.phalI15693_Sw_Init), (22 bytes).
    Removing phali15693_sw.o(i.phalI15693_Sw_Int_SetOptionBit), (70 bytes).
    Removing phali15693_sw.o(i.phalI15693_Sw_LockAFI), (76 bytes).
    Removing phali15693_sw.o(i.phalI15693_Sw_LockBlock), (80 bytes).
    Removing phali15693_sw.o(i.phalI15693_Sw_LockDSFID), (76 bytes).
    Removing phali15693_sw.o(i.phalI15693_Sw_ReadMultipleBlocks), (124 bytes).
    Removing phali15693_sw.o(i.phalI15693_Sw_ReadSingleBlock), (88 bytes).
    Removing phali15693_sw.o(i.phalI15693_Sw_WriteAFI), (80 bytes).
    Removing phali15693_sw.o(i.phalI15693_Sw_WriteAlikeHandling), (74 bytes).
    Removing phali15693_sw.o(i.phalI15693_Sw_WriteDSFID), (80 bytes).
    Removing phali15693_sw.o(i.phalI15693_Sw_WriteMultipleBlocks), (134 bytes).
    Removing phali15693_sw.o(i.phalI15693_Sw_WriteSingleBlock), (106 bytes).
    Removing phpalmifare.o(i.phpalMifare_ExchangeL3), (46 bytes).
    Removing phpalmifare.o(i.phpalMifare_ExchangeL4), (46 bytes).
    Removing phpalmifare.o(i.phpalMifare_ExchangePc), (46 bytes).
    Removing phpalmifare.o(i.phpalMifare_ExchangeRaw), (60 bytes).
    Removing phpalmifare.o(i.phpalMifare_MfcAuthenticate), (36 bytes).
    Removing phpalmifare.o(i.phpalMifare_MfcAuthenticateKeyNo), (46 bytes).
    Removing phpalmifare_sw.o(i.phpalMifare_Sw_ExchangeL3), (264 bytes).
    Removing phpalmifare_sw.o(i.phpalMifare_Sw_ExchangeL4), (74 bytes).
    Removing phpalmifare_sw.o(i.phpalMifare_Sw_ExchangePc), (386 bytes).
    Removing phpalmifare_sw.o(i.phpalMifare_Sw_ExchangeRaw), (202 bytes).
    Removing phpalmifare_sw.o(i.phpalMifare_Sw_Init), (24 bytes).
    Removing phpalmifare_sw.o(i.phpalMifare_Sw_MfcAuthenticate), (38 bytes).
    Removing phpalmifare_sw.o(i.phpalMifare_Sw_MfcAuthenticateKeyNo), (42 bytes).
    Removing phhalhw_rc663.o(i.phhalHw_Rc663_ApplyProtocolSettings), (440 bytes).
    Removing phhalhw_rc663.o(i.phhalHw_Rc663_Exchange), (1250 bytes).
    Removing phhalhw_rc663.o(i.phhalHw_Rc663_FieldOff), (38 bytes).
    Removing phhalhw_rc663.o(i.phhalHw_Rc663_FieldOn), (38 bytes).
    Removing phhalhw_rc663.o(i.phhalHw_Rc663_FieldReset), (56 bytes).
    Removing phhalhw_rc663.o(i.phhalHw_Rc663_GetConfig), (624 bytes).
    Removing phhalhw_rc663.o(i.phhalHw_Rc663_Init), (130 bytes).
    Removing phhalhw_rc663.o(i.phhalHw_Rc663_MfcAuthenticate), (42 bytes).
    Removing phhalhw_rc663.o(i.phhalHw_Rc663_MfcAuthenticateKeyNo), (80 bytes).
    Removing phhalhw_rc663.o(i.phhalHw_Rc663_ReadRegister), (108 bytes).
    Removing phhalhw_rc663.o(i.phhalHw_Rc663_SetConfig), (1192 bytes).
    Removing phhalhw_rc663.o(i.phhalHw_Rc663_Wait), (160 bytes).
    Removing phhalhw_rc663.o(i.phhalHw_Rc663_WriteRegister), (92 bytes).
    Removing phhalhw_rc663.o(.constdata), (312 bytes).
    Removing phhalhw_rc663_cmd.o(i.phhalHw_Rc663_Cmd_LoadKey), (32 bytes).
    Removing phhalhw_rc663_cmd.o(i.phhalHw_Rc663_Cmd_LoadKeyE2), (38 bytes).
    Removing phhalhw_rc663_cmd.o(i.phhalHw_Rc663_Cmd_LoadProtocol), (56 bytes).
    Removing phhalhw_rc663_cmd.o(i.phhalHw_Rc663_Cmd_LoadReg), (80 bytes).
    Removing phhalhw_rc663_cmd.o(i.phhalHw_Rc663_Cmd_Lpcd), (740 bytes).
    Removing phhalhw_rc663_cmd.o(i.phhalHw_Rc663_Cmd_LpcdConfig), (208 bytes).
    Removing phhalhw_rc663_cmd.o(i.phhalHw_Rc663_Cmd_ReadE2), (114 bytes).
    Removing phhalhw_rc663_cmd.o(i.phhalHw_Rc663_Cmd_Receive), (842 bytes).
    Removing phhalhw_rc663_cmd.o(i.phhalHw_Rc663_Cmd_SoftReset), (8 bytes).
    Removing phhalhw_rc663_cmd.o(i.phhalHw_Rc663_Cmd_StoreKeyE2), (108 bytes).
    Removing phhalhw_rc663_cmd.o(i.phhalHw_Rc663_Cmd_Transmit), (842 bytes).
    Removing phhalhw_rc663_cmd.o(i.phhalHw_Rc663_Cmd_WriteE2), (60 bytes).
    Removing phhalhw_rc663_cmd.o(i.phhalHw_Rc663_Cmd_WriteE2Page), (84 bytes).
    Removing phhalhw_rc663_int.o(i.phhalHw_Rc663_Command_Int), (728 bytes).
    Removing phhalhw_rc663_int.o(i.phhalHw_Rc663_FlushFifo), (38 bytes).
    Removing phhalhw_rc663_int.o(i.phhalHw_Rc663_GetDigiDelay), (164 bytes).
    Removing phhalhw_rc663_int.o(i.phhalHw_Rc663_GetFdt), (316 bytes).
    Removing phhalhw_rc663_int.o(i.phhalHw_Rc663_GetRxBuffer), (116 bytes).
    Removing phhalhw_rc663_int.o(i.phhalHw_Rc663_GetTxBuffer), (50 bytes).
    Removing phhalhw_rc663_int.o(i.phhalHw_Rc663_MfcAuthenticate_Int), (110 bytes).
    Removing phhalhw_rc663_int.o(i.phhalHw_Rc663_ReadData), (110 bytes).
    Removing phhalhw_rc663_int.o(i.phhalHw_Rc663_ReadFifo), (120 bytes).
    Removing phhalhw_rc663_int.o(i.phhalHw_Rc663_SetCardMode), (812 bytes).
    Removing phhalhw_rc663_int.o(i.phhalHw_Rc663_SetConfig_Int), (382 bytes).
    Removing phhalhw_rc663_int.o(i.phhalHw_Rc663_SetFdt), (216 bytes).
    Removing phhalhw_rc663_int.o(i.phhalHw_Rc663_SetRxWait), (94 bytes).
    Removing phhalhw_rc663_int.o(i.phhalHw_Rc663_SetTxWait), (216 bytes).
    Removing phhalhw_rc663_int.o(i.phhalHw_Rc663_WriteData), (110 bytes).
    Removing phhalhw_rc663_int.o(i.phhalHw_Rc663_WriteFifo), (128 bytes).
    Removing phhalhw_rc663_int.o(.constdata), (326 bytes).
    Removing phhalhw_rc663_wait.o(i.phhalHw_Rc663_WaitIrq), (310 bytes).
    Removing phkeystore_rc663.o(i.phKeyStore_Rc663_ChangeKUC), (6 bytes).
    Removing phkeystore_rc663.o(i.phKeyStore_Rc663_FormatKeyEntry), (30 bytes).
    Removing phkeystore_rc663.o(i.phKeyStore_Rc663_GetConfig), (6 bytes).
    Removing phkeystore_rc663.o(i.phKeyStore_Rc663_GetConfigStr), (6 bytes).
    Removing phkeystore_rc663.o(i.phKeyStore_Rc663_GetKUC), (6 bytes).
    Removing phkeystore_rc663.o(i.phKeyStore_Rc663_GetKey), (6 bytes).
    Removing phkeystore_rc663.o(i.phKeyStore_Rc663_GetKeyEntry), (6 bytes).
    Removing phkeystore_rc663.o(i.phKeyStore_Rc663_Init), (22 bytes).
    Removing phkeystore_rc663.o(i.phKeyStore_Rc663_SetConfig), (6 bytes).
    Removing phkeystore_rc663.o(i.phKeyStore_Rc663_SetConfigStr), (6 bytes).
    Removing phkeystore_rc663.o(i.phKeyStore_Rc663_SetFullKeyEntry), (72 bytes).
    Removing phkeystore_rc663.o(i.phKeyStore_Rc663_SetKUC), (6 bytes).
    Removing phkeystore_rc663.o(i.phKeyStore_Rc663_SetKey), (18 bytes).
    Removing phkeystore_rc663.o(i.phKeyStore_Rc663_SetKeyAtPos), (52 bytes).
    Removing phkeystore_rc663.o(i.phKeyStore_Rc663_StoreKeyE2_Int), (246 bytes).
    Removing phkeystore.o(i.phKeyStore_ChangeKUC), (36 bytes).
    Removing phkeystore.o(i.phKeyStore_FormatKeyEntry), (36 bytes).
    Removing phkeystore.o(i.phKeyStore_GetConfig), (36 bytes).
    Removing phkeystore.o(i.phKeyStore_GetConfigStr), (36 bytes).
    Removing phkeystore.o(i.phKeyStore_GetKUC), (36 bytes).
    Removing phkeystore.o(i.phKeyStore_GetKey), (46 bytes).
    Removing phkeystore.o(i.phKeyStore_GetKeyEntry), (46 bytes).
    Removing phkeystore.o(i.phKeyStore_GetKeySize), (40 bytes).
    Removing phkeystore.o(i.phKeyStore_SetConfig), (36 bytes).
    Removing phkeystore.o(i.phKeyStore_SetConfigStr), (36 bytes).
    Removing phkeystore.o(i.phKeyStore_SetFullKeyEntry), (48 bytes).
    Removing phkeystore.o(i.phKeyStore_SetKUC), (36 bytes).
    Removing phkeystore.o(i.phKeyStore_SetKey), (46 bytes).
    Removing phkeystore.o(i.phKeyStore_SetKeyAtPos), (46 bytes).
    Removing phalmfc.o(i.phalMfc_Authenticate), (48 bytes).
    Removing phalmfc.o(i.phalMfc_Decrement), (36 bytes).
    Removing phalmfc.o(i.phalMfc_DecrementTransfer), (36 bytes).
    Removing phalmfc.o(i.phalMfc_Increment), (36 bytes).
    Removing phalmfc.o(i.phalMfc_IncrementTransfer), (36 bytes).
    Removing phalmfc.o(i.phalMfc_PersonalizeUid), (36 bytes).
    Removing phalmfc.o(i.phalMfc_Read), (36 bytes).
    Removing phalmfc.o(i.phalMfc_ReadValue), (36 bytes).
    Removing phalmfc.o(i.phalMfc_Restore), (36 bytes).
    Removing phalmfc.o(i.phalMfc_RestoreTransfer), (36 bytes).
    Removing phalmfc.o(i.phalMfc_Transfer), (36 bytes).
    Removing phalmfc.o(i.phalMfc_Write), (36 bytes).
    Removing phalmfc.o(i.phalMfc_WriteValue), (36 bytes).
    Removing phalmfc_int.o(i.phalMfc_Int_CheckValueBlockFormat), (108 bytes).
    Removing phalmfc_int.o(i.phalMfc_Int_CreateValueBlock), (70 bytes).
    Removing phalmfc_int.o(i.phalMfc_Int_ResolveReturnCode), (56 bytes).
    Removing phalmfc_int.o(i.phalMfc_Int_Transfer), (36 bytes).
    Removing phalmfc_int.o(i.phalMfc_Int_Value), (76 bytes).
    Removing phalmfc_sw.o(i.phalMfc_Sw_Authenticate), (120 bytes).
    Removing phalmfc_sw.o(i.phalMfc_Sw_Decrement), (12 bytes).
    Removing phalmfc_sw.o(i.phalMfc_Sw_DecrementTransfer), (30 bytes).
    Removing phalmfc_sw.o(i.phalMfc_Sw_Increment), (12 bytes).
    Removing phalmfc_sw.o(i.phalMfc_Sw_IncrementTransfer), (30 bytes).
    Removing phalmfc_sw.o(i.phalMfc_Sw_Init), (24 bytes).
    Removing phalmfc_sw.o(i.phalMfc_Sw_PersonalizeUid), (38 bytes).
    Removing phalmfc_sw.o(i.phalMfc_Sw_Read), (68 bytes).
    Removing phalmfc_sw.o(i.phalMfc_Sw_ReadValue), (42 bytes).
    Removing phalmfc_sw.o(i.phalMfc_Sw_Restore), (20 bytes).
    Removing phalmfc_sw.o(i.phalMfc_Sw_RestoreTransfer), (28 bytes).
    Removing phalmfc_sw.o(i.phalMfc_Sw_Transfer), (6 bytes).
    Removing phalmfc_sw.o(i.phalMfc_Sw_Write), (62 bytes).
    Removing phalmfc_sw.o(i.phalMfc_Sw_WriteValue), (36 bytes).
    Removing phtools.o(i.phTools_CalcParity), (42 bytes).
    Removing phtools.o(i.phTools_CalculateCrc16), (190 bytes).
    Removing phtools.o(i.phTools_CalculateCrc32), (170 bytes).
    Removing phtools.o(i.phTools_CalculateCrc5), (230 bytes).
    Removing phtools.o(i.phTools_CalculateCrc8), (182 bytes).
    Removing phtools.o(i.phTools_DecodeParity), (336 bytes).
    Removing phtools.o(i.phTools_EncodeParity), (286 bytes).
    Removing phpali14443p4.o(i.phpalI14443p4_Deselect), (30 bytes).
    Removing phpali14443p4.o(i.phpalI14443p4_Exchange), (46 bytes).
    Removing phpali14443p4.o(i.phpalI14443p4_GetConfig), (36 bytes).
    Removing phpali14443p4.o(i.phpalI14443p4_PresCheck), (30 bytes).
    Removing phpali14443p4.o(i.phpalI14443p4_ResetProtocol), (30 bytes).
    Removing phpali14443p4.o(i.phpalI14443p4_SetConfig), (36 bytes).
    Removing phpali14443p4.o(i.phpalI14443p4_SetProtocol), (60 bytes).
    Removing phpali14443p4_sw.o(i.phpalI14443p4_Sw_BuildIBlock), (70 bytes).
    Removing phpali14443p4_sw.o(i.phpalI14443p4_Sw_BuildRBlock), (48 bytes).
    Removing phpali14443p4_sw.o(i.phpalI14443p4_Sw_BuildSBlock), (58 bytes).
    Removing phpali14443p4_sw.o(i.phpalI14443p4_Sw_Deselect), (188 bytes).
    Removing phpali14443p4_sw.o(i.phpalI14443p4_Sw_Exchange), (1072 bytes).
    Removing phpali14443p4_sw.o(i.phpalI14443p4_Sw_GetConfig), (76 bytes).
    Removing phpali14443p4_sw.o(i.phpalI14443p4_Sw_Init), (22 bytes).
    Removing phpali14443p4_sw.o(i.phpalI14443p4_Sw_IsValidIBlock), (96 bytes).
    Removing phpali14443p4_sw.o(i.phpalI14443p4_Sw_IsValidRBlock), (62 bytes).
    Removing phpali14443p4_sw.o(i.phpalI14443p4_Sw_IsValidSBlock), (70 bytes).
    Removing phpali14443p4_sw.o(i.phpalI14443p4_Sw_IsoHandling), (712 bytes).
    Removing phpali14443p4_sw.o(i.phpalI14443p4_Sw_PresCheck), (92 bytes).
    Removing phpali14443p4_sw.o(i.phpalI14443p4_Sw_ResetProtocol), (32 bytes).
    Removing phpali14443p4_sw.o(i.phpalI14443p4_Sw_SetConfig), (116 bytes).
    Removing phpali14443p4_sw.o(i.phpalI14443p4_Sw_SetProtocol), (58 bytes).
    Removing phpali14443p4_sw.o(.constdata), (18 bytes).
    Removing phpalsli15693.o(i.phpalSli15693_ActivateCard), (72 bytes).
    Removing phpalsli15693.o(i.phpalSli15693_Exchange), (46 bytes).
    Removing phpalsli15693.o(i.phpalSli15693_FastInventoryPageRead), (84 bytes).
    Removing phpalsli15693.o(i.phpalSli15693_FastInventoryRead), (84 bytes).
    Removing phpalsli15693.o(i.phpalSli15693_GetConfig), (36 bytes).
    Removing phpalsli15693.o(i.phpalSli15693_GetSerialNo), (36 bytes).
    Removing phpalsli15693.o(i.phpalSli15693_Inventory), (48 bytes).
    Removing phpalsli15693.o(i.phpalSli15693_InventoryPageRead), (84 bytes).
    Removing phpalsli15693.o(i.phpalSli15693_InventoryRead), (84 bytes).
    Removing phpalsli15693.o(i.phpalSli15693_ResetToReady), (30 bytes).
    Removing phpalsli15693.o(i.phpalSli15693_Select), (30 bytes).
    Removing phpalsli15693.o(i.phpalSli15693_SendEof), (48 bytes).
    Removing phpalsli15693.o(i.phpalSli15693_SetConfig), (36 bytes).
    Removing phpalsli15693.o(i.phpalSli15693_StayQuiet), (30 bytes).
    Removing phpalsli15693_sw.o(i.phpalSli15693_Sw_ActivateCard), (404 bytes).
    Removing phpalsli15693_sw.o(i.phpalSli15693_Sw_Exchange), (236 bytes).
    Removing phpalsli15693_sw.o(i.phpalSli15693_Sw_FastInventoryPageRead), (46 bytes).
    Removing phpalsli15693_sw.o(i.phpalSli15693_Sw_FastInventoryRead), (46 bytes).
    Removing phpalsli15693_sw.o(i.phpalSli15693_Sw_GetConfig), (70 bytes).
    Removing phpalsli15693_sw.o(i.phpalSli15693_Sw_GetSerialNo), (34 bytes).
    Removing phpalsli15693_sw.o(i.phpalSli15693_Sw_Init), (32 bytes).
    Removing phpalsli15693_sw.o(i.phpalSli15693_Sw_Inventory), (68 bytes).
    Removing phpalsli15693_sw.o(i.phpalSli15693_Sw_InventoryEx), (538 bytes).
    Removing phpalsli15693_sw.o(i.phpalSli15693_Sw_InventoryPageRead), (46 bytes).
    Removing phpalsli15693_sw.o(i.phpalSli15693_Sw_InventoryRead), (46 bytes).
    Removing phpalsli15693_sw.o(i.phpalSli15693_Sw_ResetToReady), (78 bytes).
    Removing phpalsli15693_sw.o(i.phpalSli15693_Sw_Select), (94 bytes).
    Removing phpalsli15693_sw.o(i.phpalSli15693_Sw_SendEof), (454 bytes).
    Removing phpalsli15693_sw.o(i.phpalSli15693_Sw_SetConfig), (204 bytes).
    Removing phpalsli15693_sw.o(i.phpalSli15693_Sw_StayQuiet), (82 bytes).
    Removing dadd.o(.text), (334 bytes).
    Removing dmul.o(.text), (228 bytes).
    Removing ddiv.o(.text), (222 bytes).
    Removing dfixul.o(.text), (48 bytes).
    Removing cdrcmple.o(.text), (48 bytes).
    Removing depilogue.o(.text), (186 bytes).

652 unused section(s) (total 60253 bytes) removed from the image.

==============================================================================

Image Symbol Table

    Local Symbols

    Symbol Name                              Value     Ov Type        Size  Object(Section)

    ../Core/Src/gpio.c                       0x00000000   Number         0  gpio.o ABSOLUTE
    ../Core/Src/i2c.c                        0x00000000   Number         0  i2c.o ABSOLUTE
    ../Core/Src/main.c                       0x00000000   Number         0  main.o ABSOLUTE
    ../Core/Src/spi.c                        0x00000000   Number         0  spi.o ABSOLUTE
    ../Core/Src/stm32f4xx_hal_msp.c          0x00000000   Number         0  stm32f4xx_hal_msp.o ABSOLUTE
    ../Core/Src/stm32f4xx_it.c               0x00000000   Number         0  stm32f4xx_it.o ABSOLUTE
    ../Core/Src/system_stm32f4xx.c           0x00000000   Number         0  system_stm32f4xx.o ABSOLUTE
    ../Core/Src/usart.c                      0x00000000   Number         0  usart.o ABSOLUTE
    ../Drivers/STM32F4xx_HAL_Driver/Src/stm32f4xx_hal.c 0x00000000   Number         0  stm32f4xx_hal.o ABSOLUTE
    ../Drivers/STM32F4xx_HAL_Driver/Src/stm32f4xx_hal_cortex.c 0x00000000   Number         0  stm32f4xx_hal_cortex.o ABSOLUTE
    ../Drivers/STM32F4xx_HAL_Driver/Src/stm32f4xx_hal_dma.c 0x00000000   Number         0  stm32f4xx_hal_dma.o ABSOLUTE
    ../Drivers/STM32F4xx_HAL_Driver/Src/stm32f4xx_hal_dma_ex.c 0x00000000   Number         0  stm32f4xx_hal_dma_ex.o ABSOLUTE
    ../Drivers/STM32F4xx_HAL_Driver/Src/stm32f4xx_hal_exti.c 0x00000000   Number         0  stm32f4xx_hal_exti.o ABSOLUTE
    ../Drivers/STM32F4xx_HAL_Driver/Src/stm32f4xx_hal_flash.c 0x00000000   Number         0  stm32f4xx_hal_flash.o ABSOLUTE
    ../Drivers/STM32F4xx_HAL_Driver/Src/stm32f4xx_hal_flash_ex.c 0x00000000   Number         0  stm32f4xx_hal_flash_ex.o ABSOLUTE
    ../Drivers/STM32F4xx_HAL_Driver/Src/stm32f4xx_hal_flash_ramfunc.c 0x00000000   Number         0  stm32f4xx_hal_flash_ramfunc.o ABSOLUTE
    ../Drivers/STM32F4xx_HAL_Driver/Src/stm32f4xx_hal_gpio.c 0x00000000   Number         0  stm32f4xx_hal_gpio.o ABSOLUTE
    ../Drivers/STM32F4xx_HAL_Driver/Src/stm32f4xx_hal_i2c.c 0x00000000   Number         0  stm32f4xx_hal_i2c.o ABSOLUTE
    ../Drivers/STM32F4xx_HAL_Driver/Src/stm32f4xx_hal_i2c_ex.c 0x00000000   Number         0  stm32f4xx_hal_i2c_ex.o ABSOLUTE
    ../Drivers/STM32F4xx_HAL_Driver/Src/stm32f4xx_hal_pwr.c 0x00000000   Number         0  stm32f4xx_hal_pwr.o ABSOLUTE
    ../Drivers/STM32F4xx_HAL_Driver/Src/stm32f4xx_hal_pwr_ex.c 0x00000000   Number         0  stm32f4xx_hal_pwr_ex.o ABSOLUTE
    ../Drivers/STM32F4xx_HAL_Driver/Src/stm32f4xx_hal_rcc.c 0x00000000   Number         0  stm32f4xx_hal_rcc.o ABSOLUTE
    ../Drivers/STM32F4xx_HAL_Driver/Src/stm32f4xx_hal_rcc_ex.c 0x00000000   Number         0  stm32f4xx_hal_rcc_ex.o ABSOLUTE
    ../Drivers/STM32F4xx_HAL_Driver/Src/stm32f4xx_hal_spi.c 0x00000000   Number         0  stm32f4xx_hal_spi.o ABSOLUTE
    ../Drivers/STM32F4xx_HAL_Driver/Src/stm32f4xx_hal_tim.c 0x00000000   Number         0  stm32f4xx_hal_tim.o ABSOLUTE
    ../Drivers/STM32F4xx_HAL_Driver/Src/stm32f4xx_hal_tim_ex.c 0x00000000   Number         0  stm32f4xx_hal_tim_ex.o ABSOLUTE
    ../Drivers/STM32F4xx_HAL_Driver/Src/stm32f4xx_hal_uart.c 0x00000000   Number         0  stm32f4xx_hal_uart.o ABSOLUTE
    ../clib/microlib/division.c              0x00000000   Number         0  uidiv.o ABSOLUTE
    ../clib/microlib/division.c              0x00000000   Number         0  uldiv.o ABSOLUTE
    ../clib/microlib/init/entry.s            0x00000000   Number         0  entry.o ABSOLUTE
    ../clib/microlib/init/entry.s            0x00000000   Number         0  entry12b.o ABSOLUTE
    ../clib/microlib/init/entry.s            0x00000000   Number         0  entry11b.o ABSOLUTE
    ../clib/microlib/init/entry.s            0x00000000   Number         0  entry11a.o ABSOLUTE
    ../clib/microlib/init/entry.s            0x00000000   Number         0  entry10b.o ABSOLUTE
    ../clib/microlib/init/entry.s            0x00000000   Number         0  entry10a.o ABSOLUTE
    ../clib/microlib/init/entry.s            0x00000000   Number         0  entry9a.o ABSOLUTE
    ../clib/microlib/init/entry.s            0x00000000   Number         0  entry8b.o ABSOLUTE
    ../clib/microlib/init/entry.s            0x00000000   Number         0  entry8a.o ABSOLUTE
    ../clib/microlib/init/entry.s            0x00000000   Number         0  entry7b.o ABSOLUTE
    ../clib/microlib/init/entry.s            0x00000000   Number         0  entry7a.o ABSOLUTE
    ../clib/microlib/init/entry.s            0x00000000   Number         0  entry5.o ABSOLUTE
    ../clib/microlib/init/entry.s            0x00000000   Number         0  entry2.o ABSOLUTE
    ../clib/microlib/init/entry.s            0x00000000   Number         0  entry9b.o ABSOLUTE
    ../clib/microlib/init/entry.s            0x00000000   Number         0  entry12a.o ABSOLUTE
    ../clib/microlib/longlong.c              0x00000000   Number         0  llsshr.o ABSOLUTE
    ../clib/microlib/longlong.c              0x00000000   Number         0  llushr.o ABSOLUTE
    ../clib/microlib/longlong.c              0x00000000   Number         0  llshl.o ABSOLUTE
    ../clib/microlib/printf/printf.c         0x00000000   Number         0  printf0.o ABSOLUTE
    ../clib/microlib/printf/printf.c         0x00000000   Number         0  printf6.o ABSOLUTE
    ../clib/microlib/printf/printf.c         0x00000000   Number         0  printf5.o ABSOLUTE
    ../clib/microlib/printf/printf.c         0x00000000   Number         0  printfb.o ABSOLUTE
    ../clib/microlib/printf/printf.c         0x00000000   Number         0  printf4.o ABSOLUTE
    ../clib/microlib/printf/printf.c         0x00000000   Number         0  printf3.o ABSOLUTE
    ../clib/microlib/printf/printf.c         0x00000000   Number         0  printf2.o ABSOLUTE
    ../clib/microlib/printf/printf.c         0x00000000   Number         0  printf1.o ABSOLUTE
    ../clib/microlib/printf/printf.c         0x00000000   Number         0  printfa.o ABSOLUTE
    ../clib/microlib/printf/printf.c         0x00000000   Number         0  printf8.o ABSOLUTE
    ../clib/microlib/printf/printf.c         0x00000000   Number         0  printf7.o ABSOLUTE
    ../clib/microlib/printf/stubs.s          0x00000000   Number         0  stubs.o ABSOLUTE
    ../clib/microlib/stdio/streams.c         0x00000000   Number         0  stdout.o ABSOLUTE
    ../clib/microlib/string/memcmp.c         0x00000000   Number         0  memcmp.o ABSOLUTE
    ../clib/microlib/string/memcpy.c         0x00000000   Number         0  memcpya.o ABSOLUTE
    ../clib/microlib/string/memcpy.c         0x00000000   Number         0  memcpyb.o ABSOLUTE
    ../clib/microlib/string/memset.c         0x00000000   Number         0  memseta.o ABSOLUTE
    ../clib/microlib/stubs.s                 0x00000000   Number         0  iusefp.o ABSOLUTE
    ../fplib/microlib/fpadd.c                0x00000000   Number         0  dadd.o ABSOLUTE
    ../fplib/microlib/fpdiv.c                0x00000000   Number         0  ddiv.o ABSOLUTE
    ../fplib/microlib/fpepilogue.c           0x00000000   Number         0  depilogue.o ABSOLUTE
    ../fplib/microlib/fpfix.c                0x00000000   Number         0  dfixul.o ABSOLUTE
    ../fplib/microlib/fpmul.c                0x00000000   Number         0  dmul.o ABSOLUTE
    ..\CLRC663\comps\phKeyStore\src\Rc663\phKeyStore_Rc663.c 0x00000000   Number         0  phkeystore_rc663.o ABSOLUTE
    ..\CLRC663\comps\phKeyStore\src\phKeyStore.c 0x00000000   Number         0  phkeystore.o ABSOLUTE
    ..\CLRC663\comps\phLog\src\phLog.c       0x00000000   Number         0  phlog.o ABSOLUTE
    ..\CLRC663\comps\phTools\src\phTools.c   0x00000000   Number         0  phtools.o ABSOLUTE
    ..\CLRC663\comps\phalI15693\src\Sw\phalI15693_Sw.c 0x00000000   Number         0  phali15693_sw.o ABSOLUTE
    ..\CLRC663\comps\phalI15693\src\phalI15693.c 0x00000000   Number         0  phali15693.o ABSOLUTE
    ..\CLRC663\comps\phalMfc\src\Sw\phalMfc_Sw.c 0x00000000   Number         0  phalmfc_sw.o ABSOLUTE
    ..\CLRC663\comps\phalMfc\src\phalMfc.c   0x00000000   Number         0  phalmfc.o ABSOLUTE
    ..\CLRC663\comps\phalMfc\src\phalMfc_Int.c 0x00000000   Number         0  phalmfc_int.o ABSOLUTE
    ..\CLRC663\comps\phbalReg\src\Stub\phbalReg_Stub.c 0x00000000   Number         0  phbalreg_stub.o ABSOLUTE
    ..\CLRC663\comps\phbalReg\src\phbalReg.c 0x00000000   Number         0  phbalreg.o ABSOLUTE
    ..\CLRC663\comps\phhalHw\src\Rc663\phhalHw_Rc663.c 0x00000000   Number         0  phhalhw_rc663.o ABSOLUTE
    ..\CLRC663\comps\phhalHw\src\Rc663\phhalHw_Rc663_Cmd.c 0x00000000   Number         0  phhalhw_rc663_cmd.o ABSOLUTE
    ..\CLRC663\comps\phhalHw\src\Rc663\phhalHw_Rc663_Int.c 0x00000000   Number         0  phhalhw_rc663_int.o ABSOLUTE
    ..\CLRC663\comps\phhalHw\src\Rc663\phhalHw_Rc663_Wait.c 0x00000000   Number         0  phhalhw_rc663_wait.o ABSOLUTE
    ..\CLRC663\comps\phhalHw\src\phhalHw.c   0x00000000   Number         0  phhalhw.o ABSOLUTE
    ..\CLRC663\comps\phpalI14443p4\src\Sw\phpalI14443p4_Sw.c 0x00000000   Number         0  phpali14443p4_sw.o ABSOLUTE
    ..\CLRC663\comps\phpalI14443p4\src\phpalI14443p4.c 0x00000000   Number         0  phpali14443p4.o ABSOLUTE
    ..\CLRC663\comps\phpalMifare\src\Sw\phpalMifare_Sw.c 0x00000000   Number         0  phpalmifare_sw.o ABSOLUTE
    ..\CLRC663\comps\phpalMifare\src\phpalMifare.c 0x00000000   Number         0  phpalmifare.o ABSOLUTE
    ..\CLRC663\comps\phpalSli15693\src\Sw\phpalSli15693_Sw.c 0x00000000   Number         0  phpalsli15693_sw.o ABSOLUTE
    ..\CLRC663\comps\phpalSli15693\src\phpalSli15693.c 0x00000000   Number         0  phpalsli15693.o ABSOLUTE
    ..\CLRC663\phSubBal\src\RegCtl_SpiHw.c   0x00000000   Number         0  regctl_spihw.o ABSOLUTE
    ..\Core\Src\aes.c                        0x00000000   Number         0  aes.o ABSOLUTE
    ..\Core\Src\gpio.c                       0x00000000   Number         0  gpio.o ABSOLUTE
    ..\Core\Src\i2c.c                        0x00000000   Number         0  i2c.o ABSOLUTE
    ..\Core\Src\main.c                       0x00000000   Number         0  main.o ABSOLUTE
    ..\Core\Src\spi.c                        0x00000000   Number         0  spi.o ABSOLUTE
    ..\Core\Src\stm32f4xx_hal_msp.c          0x00000000   Number         0  stm32f4xx_hal_msp.o ABSOLUTE
    ..\Core\Src\stm32f4xx_it.c               0x00000000   Number         0  stm32f4xx_it.o ABSOLUTE
    ..\Core\Src\system_stm32f4xx.c           0x00000000   Number         0  system_stm32f4xx.o ABSOLUTE
    ..\Core\Src\usart.c                      0x00000000   Number         0  usart.o ABSOLUTE
    ..\Drivers\STM32F4xx_HAL_Driver\Src\stm32f4xx_hal.c 0x00000000   Number         0  stm32f4xx_hal.o ABSOLUTE
    ..\Drivers\STM32F4xx_HAL_Driver\Src\stm32f4xx_hal_cortex.c 0x00000000   Number         0  stm32f4xx_hal_cortex.o ABSOLUTE
    ..\Drivers\STM32F4xx_HAL_Driver\Src\stm32f4xx_hal_dma.c 0x00000000   Number         0  stm32f4xx_hal_dma.o ABSOLUTE
    ..\Drivers\STM32F4xx_HAL_Driver\Src\stm32f4xx_hal_dma_ex.c 0x00000000   Number         0  stm32f4xx_hal_dma_ex.o ABSOLUTE
    ..\Drivers\STM32F4xx_HAL_Driver\Src\stm32f4xx_hal_exti.c 0x00000000   Number         0  stm32f4xx_hal_exti.o ABSOLUTE
    ..\Drivers\STM32F4xx_HAL_Driver\Src\stm32f4xx_hal_flash.c 0x00000000   Number         0  stm32f4xx_hal_flash.o ABSOLUTE
    ..\Drivers\STM32F4xx_HAL_Driver\Src\stm32f4xx_hal_flash_ex.c 0x00000000   Number         0  stm32f4xx_hal_flash_ex.o ABSOLUTE
    ..\Drivers\STM32F4xx_HAL_Driver\Src\stm32f4xx_hal_flash_ramfunc.c 0x00000000   Number         0  stm32f4xx_hal_flash_ramfunc.o ABSOLUTE
    ..\Drivers\STM32F4xx_HAL_Driver\Src\stm32f4xx_hal_gpio.c 0x00000000   Number         0  stm32f4xx_hal_gpio.o ABSOLUTE
    ..\Drivers\STM32F4xx_HAL_Driver\Src\stm32f4xx_hal_i2c.c 0x00000000   Number         0  stm32f4xx_hal_i2c.o ABSOLUTE
    ..\Drivers\STM32F4xx_HAL_Driver\Src\stm32f4xx_hal_i2c_ex.c 0x00000000   Number         0  stm32f4xx_hal_i2c_ex.o ABSOLUTE
    ..\Drivers\STM32F4xx_HAL_Driver\Src\stm32f4xx_hal_pwr.c 0x00000000   Number         0  stm32f4xx_hal_pwr.o ABSOLUTE
    ..\Drivers\STM32F4xx_HAL_Driver\Src\stm32f4xx_hal_pwr_ex.c 0x00000000   Number         0  stm32f4xx_hal_pwr_ex.o ABSOLUTE
    ..\Drivers\STM32F4xx_HAL_Driver\Src\stm32f4xx_hal_rcc.c 0x00000000   Number         0  stm32f4xx_hal_rcc.o ABSOLUTE
    ..\Drivers\STM32F4xx_HAL_Driver\Src\stm32f4xx_hal_rcc_ex.c 0x00000000   Number         0  stm32f4xx_hal_rcc_ex.o ABSOLUTE
    ..\Drivers\STM32F4xx_HAL_Driver\Src\stm32f4xx_hal_spi.c 0x00000000   Number         0  stm32f4xx_hal_spi.o ABSOLUTE
    ..\Drivers\STM32F4xx_HAL_Driver\Src\stm32f4xx_hal_tim.c 0x00000000   Number         0  stm32f4xx_hal_tim.o ABSOLUTE
    ..\Drivers\STM32F4xx_HAL_Driver\Src\stm32f4xx_hal_tim_ex.c 0x00000000   Number         0  stm32f4xx_hal_tim_ex.o ABSOLUTE
    ..\Drivers\STM32F4xx_HAL_Driver\Src\stm32f4xx_hal_uart.c 0x00000000   Number         0  stm32f4xx_hal_uart.o ABSOLUTE
    ..\\CLRC663\\phSubBal\\src\\RegCtl_SpiHw.c 0x00000000   Number         0  regctl_spihw.o ABSOLUTE
    cdrcmple.s                               0x00000000   Number         0  cdrcmple.o ABSOLUTE
    dc.s                                     0x00000000   Number         0  dc.o ABSOLUTE
    handlers.s                               0x00000000   Number         0  handlers.o ABSOLUTE
    init.s                                   0x00000000   Number         0  init.o ABSOLUTE
    startup_stm32f407xx.s                    0x00000000   Number         0  startup_stm32f407xx.o ABSOLUTE
    RESET                                    0x08000000   Section      392  startup_stm32f407xx.o(RESET)
    .ARM.Collect$$$$00000000                 0x08000188   Section        0  entry.o(.ARM.Collect$$$$00000000)
    .ARM.Collect$$$$00000001                 0x08000188   Section        4  entry2.o(.ARM.Collect$$$$00000001)
    .ARM.Collect$$$$00000004                 0x0800018c   Section        4  entry5.o(.ARM.Collect$$$$00000004)
    .ARM.Collect$$$$00000008                 0x08000190   Section        0  entry7b.o(.ARM.Collect$$$$00000008)
    .ARM.Collect$$$$0000000A                 0x08000190   Section        0  entry8b.o(.ARM.Collect$$$$0000000A)
    .ARM.Collect$$$$0000000B                 0x08000190   Section        8  entry9a.o(.ARM.Collect$$$$0000000B)
    .ARM.Collect$$$$0000000E                 0x08000198   Section        4  entry12b.o(.ARM.Collect$$$$0000000E)
    .ARM.Collect$$$$0000000F                 0x0800019c   Section        0  entry10a.o(.ARM.Collect$$$$0000000F)
    .ARM.Collect$$$$00000011                 0x0800019c   Section        0  entry11a.o(.ARM.Collect$$$$00000011)
    .ARM.Collect$$$$00002712                 0x0800019c   Section        4  entry2.o(.ARM.Collect$$$$00002712)
    __lit__00000000                          0x0800019c   Data           4  entry2.o(.ARM.Collect$$$$00002712)
    .text                                    0x080001a0   Section       36  startup_stm32f407xx.o(.text)
    $v0                                      0x080001a0   Number         0  startup_stm32f407xx.o(.text)
    .text                                    0x080001c4   Section        0  uldiv.o(.text)
    .text                                    0x08000226   Section        0  memcpya.o(.text)
    .text                                    0x0800024a   Section        0  memseta.o(.text)
    .text                                    0x0800026e   Section        0  llshl.o(.text)
    .text                                    0x0800028c   Section        0  llushr.o(.text)
    .text                                    0x080002ac   Section       36  init.o(.text)
    i.AddRoundKey                            0x080002d0   Section        0  aes.o(i.AddRoundKey)
    AddRoundKey                              0x080002d1   Thumb Code    40  aes.o(i.AddRoundKey)
    i.BusFault_Handler                       0x080002f8   Section        0  stm32f4xx_it.o(i.BusFault_Handler)
    i.DebugMon_Handler                       0x080002fa   Section        0  stm32f4xx_it.o(i.DebugMon_Handler)
    i.Error_Handler                          0x080002fc   Section        0  main.o(i.Error_Handler)
    i.HAL_GPIO_Init                          0x08000300   Section        0  stm32f4xx_hal_gpio.o(i.HAL_GPIO_Init)
    i.HAL_GPIO_WritePin                      0x080004b8   Section        0  stm32f4xx_hal_gpio.o(i.HAL_GPIO_WritePin)
    i.HAL_GetTick                            0x080004c4   Section        0  stm32f4xx_hal.o(i.HAL_GetTick)
    i.HAL_I2C_Init                           0x080004d0   Section        0  stm32f4xx_hal_i2c.o(i.HAL_I2C_Init)
    i.HAL_I2C_MspInit                        0x08000658   Section        0  i2c.o(i.HAL_I2C_MspInit)
    i.HAL_IncTick                            0x080006c0   Section        0  stm32f4xx_hal.o(i.HAL_IncTick)
    i.HAL_Init                               0x080006d0   Section        0  stm32f4xx_hal.o(i.HAL_Init)
    i.HAL_InitTick                           0x08000704   Section        0  stm32f4xx_hal.o(i.HAL_InitTick)
    i.HAL_MspInit                            0x08000744   Section        0  stm32f4xx_hal_msp.o(i.HAL_MspInit)
    i.HAL_NVIC_SetPriority                   0x08000774   Section        0  stm32f4xx_hal_cortex.o(i.HAL_NVIC_SetPriority)
    i.HAL_NVIC_SetPriorityGrouping           0x080007b4   Section        0  stm32f4xx_hal_cortex.o(i.HAL_NVIC_SetPriorityGrouping)
    i.HAL_RCC_ClockConfig                    0x080007d8   Section        0  stm32f4xx_hal_rcc.o(i.HAL_RCC_ClockConfig)
    i.HAL_RCC_GetPCLK1Freq                   0x0800090c   Section        0  stm32f4xx_hal_rcc.o(i.HAL_RCC_GetPCLK1Freq)
    i.HAL_RCC_GetPCLK2Freq                   0x0800092c   Section        0  stm32f4xx_hal_rcc.o(i.HAL_RCC_GetPCLK2Freq)
    i.HAL_RCC_GetSysClockFreq                0x0800094c   Section        0  stm32f4xx_hal_rcc.o(i.HAL_RCC_GetSysClockFreq)
    i.HAL_RCC_OscConfig                      0x080009ac   Section        0  stm32f4xx_hal_rcc.o(i.HAL_RCC_OscConfig)
    i.HAL_SPI_Init                           0x08000d08   Section        0  stm32f4xx_hal_spi.o(i.HAL_SPI_Init)
    i.HAL_SPI_MspInit                        0x08000d88   Section        0  spi.o(i.HAL_SPI_MspInit)
    i.HAL_SYSTICK_Config                     0x08000df0   Section        0  stm32f4xx_hal_cortex.o(i.HAL_SYSTICK_Config)
    i.HAL_UART_Init                          0x08000e18   Section        0  stm32f4xx_hal_uart.o(i.HAL_UART_Init)
    i.HAL_UART_MspInit                       0x08000e7c   Section        0  usart.o(i.HAL_UART_MspInit)
    i.HAL_UART_Transmit                      0x08000ee8   Section        0  stm32f4xx_hal_uart.o(i.HAL_UART_Transmit)
    i.HardFault_Handler                      0x08000fa2   Section        0  stm32f4xx_it.o(i.HardFault_Handler)
    i.InvMixColumns                          0x08000fa4   Section        0  aes.o(i.InvMixColumns)
    InvMixColumns                            0x08000fa5   Thumb Code   180  aes.o(i.InvMixColumns)
    i.InvShiftRows                           0x08001058   Section        0  aes.o(i.InvShiftRows)
    InvShiftRows                             0x08001059   Thumb Code    56  aes.o(i.InvShiftRows)
    i.InvSubBytes                            0x08001090   Section        0  aes.o(i.InvSubBytes)
    InvSubBytes                              0x08001091   Thumb Code    42  aes.o(i.InvSubBytes)
    i.MX_GPIO_Init                           0x080010c0   Section        0  gpio.o(i.MX_GPIO_Init)
    i.MX_I2C1_Init                           0x08001144   Section        0  i2c.o(i.MX_I2C1_Init)
    i.MX_SPI1_Init                           0x08001184   Section        0  spi.o(i.MX_SPI1_Init)
    i.MX_USART1_UART_Init                    0x080011cc   Section        0  usart.o(i.MX_USART1_UART_Init)
    i.MemManage_Handler                      0x08001204   Section        0  stm32f4xx_it.o(i.MemManage_Handler)
    i.MixColumns                             0x08001206   Section        0  aes.o(i.MixColumns)
    MixColumns                               0x08001207   Thumb Code   144  aes.o(i.MixColumns)
    i.NMI_Handler                            0x08001296   Section        0  stm32f4xx_it.o(i.NMI_Handler)
    i.PendSV_Handler                         0x08001298   Section        0  stm32f4xx_it.o(i.PendSV_Handler)
    i.SVC_Handler                            0x0800129a   Section        0  stm32f4xx_it.o(i.SVC_Handler)
    i.ShiftRows                              0x0800129c   Section        0  aes.o(i.ShiftRows)
    ShiftRows                                0x0800129d   Thumb Code    52  aes.o(i.ShiftRows)
    i.SubBytes                               0x080012d0   Section        0  aes.o(i.SubBytes)
    SubBytes                                 0x080012d1   Thumb Code    42  aes.o(i.SubBytes)
    i.SubWord4                               0x08001300   Section        0  aes.o(i.SubWord4)
    SubWord4                                 0x08001301   Thumb Code    68  aes.o(i.SubWord4)
    i.SysTick_Handler                        0x08001348   Section        0  stm32f4xx_it.o(i.SysTick_Handler)
    i.SystemClock_Config                     0x0800134c   Section        0  main.o(i.SystemClock_Config)
    i.SystemInit                             0x080013e0   Section        0  system_stm32f4xx.o(i.SystemInit)
    i.UART_SetConfig                         0x080013fc   Section        0  stm32f4xx_hal_uart.o(i.UART_SetConfig)
    UART_SetConfig                           0x080013fd   Thumb Code   286  stm32f4xx_hal_uart.o(i.UART_SetConfig)
    i.UART_WaitOnFlagUntilTimeout            0x08001524   Section        0  stm32f4xx_hal_uart.o(i.UART_WaitOnFlagUntilTimeout)
    UART_WaitOnFlagUntilTimeout              0x08001525   Thumb Code   100  stm32f4xx_hal_uart.o(i.UART_WaitOnFlagUntilTimeout)
    i.UsageFault_Handler                     0x08001588   Section        0  stm32f4xx_it.o(i.UsageFault_Handler)
    i.__0printf$5                            0x0800158c   Section        0  printf5.o(i.__0printf$5)
    i.__NVIC_SetPriority                     0x080015ac   Section        0  stm32f4xx_hal_cortex.o(i.__NVIC_SetPriority)
    __NVIC_SetPriority                       0x080015ad   Thumb Code    32  stm32f4xx_hal_cortex.o(i.__NVIC_SetPriority)
    i.__scatterload_copy                     0x080015cc   Section       14  handlers.o(i.__scatterload_copy)
    i.__scatterload_null                     0x080015da   Section        2  handlers.o(i.__scatterload_null)
    i.__scatterload_zeroinit                 0x080015dc   Section       14  handlers.o(i.__scatterload_zeroinit)
    i._printf_core                           0x080015ec   Section        0  printf5.o(i._printf_core)
    _printf_core                             0x080015ed   Thumb Code   660  printf5.o(i._printf_core)
    i.aes_decrypt                            0x080018ac   Section        0  aes.o(i.aes_decrypt)
    i.aes_encrypt                            0x0800193e   Section        0  aes.o(i.aes_encrypt)
    i.aes_initKey                            0x080019d4   Section        0  aes.o(i.aes_initKey)
    i.fputc                                  0x08001b1c   Section        0  main.o(i.fputc)
    i.gfmultby02                             0x08001b38   Section        0  aes.o(i.gfmultby02)
    gfmultby02                               0x08001b39   Thumb Code    18  aes.o(i.gfmultby02)
    i.gfmultby03                             0x08001b4a   Section        0  aes.o(i.gfmultby03)
    gfmultby03                               0x08001b4b   Thumb Code    12  aes.o(i.gfmultby03)
    i.gfmultby09                             0x08001b56   Section        0  aes.o(i.gfmultby09)
    gfmultby09                               0x08001b57   Thumb Code    20  aes.o(i.gfmultby09)
    i.gfmultby0b                             0x08001b6a   Section        0  aes.o(i.gfmultby0b)
    gfmultby0b                               0x08001b6b   Thumb Code    30  aes.o(i.gfmultby0b)
    i.gfmultby0d                             0x08001b88   Section        0  aes.o(i.gfmultby0d)
    gfmultby0d                               0x08001b89   Thumb Code    36  aes.o(i.gfmultby0d)
    i.gfmultby0e                             0x08001bac   Section        0  aes.o(i.gfmultby0e)
    gfmultby0e                               0x08001bad   Thumb Code    40  aes.o(i.gfmultby0e)
    i.main                                   0x08001bd4   Section        0  main.o(i.main)
    .constdata                               0x08001c94   Section      556  aes.o(.constdata)
    Sbox                                     0x08001c94   Data         256  aes.o(.constdata)
    iSbox                                    0x08001d94   Data         256  aes.o(.constdata)
    Rcon                                     0x08001e94   Data          44  aes.o(.constdata)
    .constdata                               0x08001ec0   Section       16  system_stm32f4xx.o(.constdata)
    .constdata                               0x08001ed0   Section        8  system_stm32f4xx.o(.constdata)
    .data                                    0x20000000   Section       12  stm32f4xx_hal.o(.data)
    .data                                    0x2000000c   Section        4  system_stm32f4xx.o(.data)
    .data                                    0x20000010   Section        4  stdout.o(.data)
    .bss                                     0x20000014   Section       84  i2c.o(.bss)
    .bss                                     0x20000068   Section       88  spi.o(.bss)
    .bss                                     0x200000c0   Section       64  usart.o(.bss)
    STACK                                    0x20000100   Section     1024  startup_stm32f407xx.o(STACK)

    Global Symbols

    Symbol Name                              Value     Ov Type        Size  Object(Section)

    BuildAttributes$$THM_ISAv4$E$P$D$K$B$S$7EM$VFPi3$EXTD16$VFPS$VFMA$PE$A:L22UL41UL21$X:L11$S22US41US21$IEEE1$IW$USESV6$~STKCKD$USESV7$~SHL$OSPACE$ROPI$EBA8$MICROLIB$REQ8$PRES8$EABIv2 0x00000000   Number         0  anon$$obj.o ABSOLUTE
    __ARM_use_no_argv                        0x00000000   Number         0  main.o ABSOLUTE
    _printf_a                                0x00000000   Number         0  stubs.o ABSOLUTE
    _printf_c                                0x00000000   Number         0  stubs.o ABSOLUTE
    _printf_charcount                        0x00000000   Number         0  stubs.o ABSOLUTE
    _printf_d                                0x00000000   Number         0  stubs.o ABSOLUTE
    _printf_e                                0x00000000   Number         0  stubs.o ABSOLUTE
    _printf_f                                0x00000000   Number         0  stubs.o ABSOLUTE
    _printf_flags                            0x00000000   Number         0  stubs.o ABSOLUTE
    _printf_fp_dec                           0x00000000   Number         0  stubs.o ABSOLUTE
    _printf_fp_hex                           0x00000000   Number         0  stubs.o ABSOLUTE
    _printf_g                                0x00000000   Number         0  stubs.o ABSOLUTE
    _printf_i                                0x00000000   Number         0  stubs.o ABSOLUTE
    _printf_int_dec                          0x00000000   Number         0  stubs.o ABSOLUTE
    _printf_l                                0x00000000   Number         0  stubs.o ABSOLUTE
    _printf_lc                               0x00000000   Number         0  stubs.o ABSOLUTE
    _printf_ll                               0x00000000   Number         0  stubs.o ABSOLUTE
    _printf_lld                              0x00000000   Number         0  stubs.o ABSOLUTE
    _printf_lli                              0x00000000   Number         0  stubs.o ABSOLUTE
    _printf_llo                              0x00000000   Number         0  stubs.o ABSOLUTE
    _printf_llu                              0x00000000   Number         0  stubs.o ABSOLUTE
    _printf_llx                              0x00000000   Number         0  stubs.o ABSOLUTE
    _printf_longlong_dec                     0x00000000   Number         0  stubs.o ABSOLUTE
    _printf_longlong_hex                     0x00000000   Number         0  stubs.o ABSOLUTE
    _printf_longlong_oct                     0x00000000   Number         0  stubs.o ABSOLUTE
    _printf_ls                               0x00000000   Number         0  stubs.o ABSOLUTE
    _printf_mbtowc                           0x00000000   Number         0  stubs.o ABSOLUTE
    _printf_n                                0x00000000   Number         0  stubs.o ABSOLUTE
    _printf_o                                0x00000000   Number         0  stubs.o ABSOLUTE
    _printf_p                                0x00000000   Number         0  stubs.o ABSOLUTE
    _printf_percent                          0x00000000   Number         0  stubs.o ABSOLUTE
    _printf_pre_padding                      0x00000000   Number         0  stubs.o ABSOLUTE
    _printf_return_value                     0x00000000   Number         0  stubs.o ABSOLUTE
    _printf_s                                0x00000000   Number         0  stubs.o ABSOLUTE
    _printf_sizespec                         0x00000000   Number         0  stubs.o ABSOLUTE
    _printf_str                              0x00000000   Number         0  stubs.o ABSOLUTE
    _printf_truncate_signed                  0x00000000   Number         0  stubs.o ABSOLUTE
    _printf_truncate_unsigned                0x00000000   Number         0  stubs.o ABSOLUTE
    _printf_u                                0x00000000   Number         0  stubs.o ABSOLUTE
    _printf_wc                               0x00000000   Number         0  stubs.o ABSOLUTE
    _printf_wctomb                           0x00000000   Number         0  stubs.o ABSOLUTE
    _printf_widthprec                        0x00000000   Number         0  stubs.o ABSOLUTE
    _printf_x                                0x00000000   Number         0  stubs.o ABSOLUTE
    __arm_fini_                               - Undefined Weak Reference
    __cpp_initialize__aeabi_                  - Undefined Weak Reference
    __cxa_finalize                            - Undefined Weak Reference
    __decompress                              - Undefined Weak Reference
    _clock_init                               - Undefined Weak Reference
    _microlib_exit                            - Undefined Weak Reference
    __Vectors_Size                           0x00000188   Number         0  startup_stm32f407xx.o ABSOLUTE
    __Vectors                                0x08000000   Data           4  startup_stm32f407xx.o(RESET)
    __Vectors_End                            0x08000188   Data           0  startup_stm32f407xx.o(RESET)
    __main                                   0x08000189   Thumb Code     0  entry.o(.ARM.Collect$$$$00000000)
    _main_stk                                0x08000189   Thumb Code     0  entry2.o(.ARM.Collect$$$$00000001)
    _main_scatterload                        0x0800018d   Thumb Code     0  entry5.o(.ARM.Collect$$$$00000004)
    __main_after_scatterload                 0x08000191   Thumb Code     0  entry5.o(.ARM.Collect$$$$00000004)
    _main_clock                              0x08000191   Thumb Code     0  entry7b.o(.ARM.Collect$$$$00000008)
    _main_cpp_init                           0x08000191   Thumb Code     0  entry8b.o(.ARM.Collect$$$$0000000A)
    _main_init                               0x08000191   Thumb Code     0  entry9a.o(.ARM.Collect$$$$0000000B)
    __rt_lib_shutdown_fini                   0x08000199   Thumb Code     0  entry12b.o(.ARM.Collect$$$$0000000E)
    __rt_final_cpp                           0x0800019d   Thumb Code     0  entry10a.o(.ARM.Collect$$$$0000000F)
    __rt_final_exit                          0x0800019d   Thumb Code     0  entry11a.o(.ARM.Collect$$$$00000011)
    Reset_Handler                            0x080001a1   Thumb Code     8  startup_stm32f407xx.o(.text)
    ADC_IRQHandler                           0x080001bb   Thumb Code     0  startup_stm32f407xx.o(.text)
    CAN1_RX0_IRQHandler                      0x080001bb   Thumb Code     0  startup_stm32f407xx.o(.text)
    CAN1_RX1_IRQHandler                      0x080001bb   Thumb Code     0  startup_stm32f407xx.o(.text)
    CAN1_SCE_IRQHandler                      0x080001bb   Thumb Code     0  startup_stm32f407xx.o(.text)
    CAN1_TX_IRQHandler                       0x080001bb   Thumb Code     0  startup_stm32f407xx.o(.text)
    CAN2_RX0_IRQHandler                      0x080001bb   Thumb Code     0  startup_stm32f407xx.o(.text)
    CAN2_RX1_IRQHandler                      0x080001bb   Thumb Code     0  startup_stm32f407xx.o(.text)
    CAN2_SCE_IRQHandler                      0x080001bb   Thumb Code     0  startup_stm32f407xx.o(.text)
    CAN2_TX_IRQHandler                       0x080001bb   Thumb Code     0  startup_stm32f407xx.o(.text)
    DCMI_IRQHandler                          0x080001bb   Thumb Code     0  startup_stm32f407xx.o(.text)
    DMA1_Stream0_IRQHandler                  0x080001bb   Thumb Code     0  startup_stm32f407xx.o(.text)
    DMA1_Stream1_IRQHandler                  0x080001bb   Thumb Code     0  startup_stm32f407xx.o(.text)
    DMA1_Stream2_IRQHandler                  0x080001bb   Thumb Code     0  startup_stm32f407xx.o(.text)
    DMA1_Stream3_IRQHandler                  0x080001bb   Thumb Code     0  startup_stm32f407xx.o(.text)
    DMA1_Stream4_IRQHandler                  0x080001bb   Thumb Code     0  startup_stm32f407xx.o(.text)
    DMA1_Stream5_IRQHandler                  0x080001bb   Thumb Code     0  startup_stm32f407xx.o(.text)
    DMA1_Stream6_IRQHandler                  0x080001bb   Thumb Code     0  startup_stm32f407xx.o(.text)
    DMA1_Stream7_IRQHandler                  0x080001bb   Thumb Code     0  startup_stm32f407xx.o(.text)
    DMA2_Stream0_IRQHandler                  0x080001bb   Thumb Code     0  startup_stm32f407xx.o(.text)
    DMA2_Stream1_IRQHandler                  0x080001bb   Thumb Code     0  startup_stm32f407xx.o(.text)
    DMA2_Stream2_IRQHandler                  0x080001bb   Thumb Code     0  startup_stm32f407xx.o(.text)
    DMA2_Stream3_IRQHandler                  0x080001bb   Thumb Code     0  startup_stm32f407xx.o(.text)
    DMA2_Stream4_IRQHandler                  0x080001bb   Thumb Code     0  startup_stm32f407xx.o(.text)
    DMA2_Stream5_IRQHandler                  0x080001bb   Thumb Code     0  startup_stm32f407xx.o(.text)
    DMA2_Stream6_IRQHandler                  0x080001bb   Thumb Code     0  startup_stm32f407xx.o(.text)
    DMA2_Stream7_IRQHandler                  0x080001bb   Thumb Code     0  startup_stm32f407xx.o(.text)
    ETH_IRQHandler                           0x080001bb   Thumb Code     0  startup_stm32f407xx.o(.text)
    ETH_WKUP_IRQHandler                      0x080001bb   Thumb Code     0  startup_stm32f407xx.o(.text)
    EXTI0_IRQHandler                         0x080001bb   Thumb Code     0  startup_stm32f407xx.o(.text)
    EXTI15_10_IRQHandler                     0x080001bb   Thumb Code     0  startup_stm32f407xx.o(.text)
    EXTI1_IRQHandler                         0x080001bb   Thumb Code     0  startup_stm32f407xx.o(.text)
    EXTI2_IRQHandler                         0x080001bb   Thumb Code     0  startup_stm32f407xx.o(.text)
    EXTI3_IRQHandler                         0x080001bb   Thumb Code     0  startup_stm32f407xx.o(.text)
    EXTI4_IRQHandler                         0x080001bb   Thumb Code     0  startup_stm32f407xx.o(.text)
    EXTI9_5_IRQHandler                       0x080001bb   Thumb Code     0  startup_stm32f407xx.o(.text)
    FLASH_IRQHandler                         0x080001bb   Thumb Code     0  startup_stm32f407xx.o(.text)
    FMC_IRQHandler                           0x080001bb   Thumb Code     0  startup_stm32f407xx.o(.text)
    FPU_IRQHandler                           0x080001bb   Thumb Code     0  startup_stm32f407xx.o(.text)
    HASH_RNG_IRQHandler                      0x080001bb   Thumb Code     0  startup_stm32f407xx.o(.text)
    I2C1_ER_IRQHandler                       0x080001bb   Thumb Code     0  startup_stm32f407xx.o(.text)
    I2C1_EV_IRQHandler                       0x080001bb   Thumb Code     0  startup_stm32f407xx.o(.text)
    I2C2_ER_IRQHandler                       0x080001bb   Thumb Code     0  startup_stm32f407xx.o(.text)
    I2C2_EV_IRQHandler                       0x080001bb   Thumb Code     0  startup_stm32f407xx.o(.text)
    I2C3_ER_IRQHandler                       0x080001bb   Thumb Code     0  startup_stm32f407xx.o(.text)
    I2C3_EV_IRQHandler                       0x080001bb   Thumb Code     0  startup_stm32f407xx.o(.text)
    OTG_FS_IRQHandler                        0x080001bb   Thumb Code     0  startup_stm32f407xx.o(.text)
    OTG_FS_WKUP_IRQHandler                   0x080001bb   Thumb Code     0  startup_stm32f407xx.o(.text)
    OTG_HS_EP1_IN_IRQHandler                 0x080001bb   Thumb Code     0  startup_stm32f407xx.o(.text)
    OTG_HS_EP1_OUT_IRQHandler                0x080001bb   Thumb Code     0  startup_stm32f407xx.o(.text)
    OTG_HS_IRQHandler                        0x080001bb   Thumb Code     0  startup_stm32f407xx.o(.text)
    OTG_HS_WKUP_IRQHandler                   0x080001bb   Thumb Code     0  startup_stm32f407xx.o(.text)
    PVD_IRQHandler                           0x080001bb   Thumb Code     0  startup_stm32f407xx.o(.text)
    RCC_IRQHandler                           0x080001bb   Thumb Code     0  startup_stm32f407xx.o(.text)
    RTC_Alarm_IRQHandler                     0x080001bb   Thumb Code     0  startup_stm32f407xx.o(.text)
    RTC_WKUP_IRQHandler                      0x080001bb   Thumb Code     0  startup_stm32f407xx.o(.text)
    SDIO_IRQHandler                          0x080001bb   Thumb Code     0  startup_stm32f407xx.o(.text)
    SPI1_IRQHandler                          0x080001bb   Thumb Code     0  startup_stm32f407xx.o(.text)
    SPI2_IRQHandler                          0x080001bb   Thumb Code     0  startup_stm32f407xx.o(.text)
    SPI3_IRQHandler                          0x080001bb   Thumb Code     0  startup_stm32f407xx.o(.text)
    TAMP_STAMP_IRQHandler                    0x080001bb   Thumb Code     0  startup_stm32f407xx.o(.text)
    TIM1_BRK_TIM9_IRQHandler                 0x080001bb   Thumb Code     0  startup_stm32f407xx.o(.text)
    TIM1_CC_IRQHandler                       0x080001bb   Thumb Code     0  startup_stm32f407xx.o(.text)
    TIM1_TRG_COM_TIM11_IRQHandler            0x080001bb   Thumb Code     0  startup_stm32f407xx.o(.text)
    TIM1_UP_TIM10_IRQHandler                 0x080001bb   Thumb Code     0  startup_stm32f407xx.o(.text)
    TIM2_IRQHandler                          0x080001bb   Thumb Code     0  startup_stm32f407xx.o(.text)
    TIM3_IRQHandler                          0x080001bb   Thumb Code     0  startup_stm32f407xx.o(.text)
    TIM4_IRQHandler                          0x080001bb   Thumb Code     0  startup_stm32f407xx.o(.text)
    TIM5_IRQHandler                          0x080001bb   Thumb Code     0  startup_stm32f407xx.o(.text)
    TIM6_DAC_IRQHandler                      0x080001bb   Thumb Code     0  startup_stm32f407xx.o(.text)
    TIM7_IRQHandler                          0x080001bb   Thumb Code     0  startup_stm32f407xx.o(.text)
    TIM8_BRK_TIM12_IRQHandler                0x080001bb   Thumb Code     0  startup_stm32f407xx.o(.text)
    TIM8_CC_IRQHandler                       0x080001bb   Thumb Code     0  startup_stm32f407xx.o(.text)
    TIM8_TRG_COM_TIM14_IRQHandler            0x080001bb   Thumb Code     0  startup_stm32f407xx.o(.text)
    TIM8_UP_TIM13_IRQHandler                 0x080001bb   Thumb Code     0  startup_stm32f407xx.o(.text)
    UART4_IRQHandler                         0x080001bb   Thumb Code     0  startup_stm32f407xx.o(.text)
    UART5_IRQHandler                         0x080001bb   Thumb Code     0  startup_stm32f407xx.o(.text)
    USART1_IRQHandler                        0x080001bb   Thumb Code     0  startup_stm32f407xx.o(.text)
    USART2_IRQHandler                        0x080001bb   Thumb Code     0  startup_stm32f407xx.o(.text)
    USART3_IRQHandler                        0x080001bb   Thumb Code     0  startup_stm32f407xx.o(.text)
    USART6_IRQHandler                        0x080001bb   Thumb Code     0  startup_stm32f407xx.o(.text)
    WWDG_IRQHandler                          0x080001bb   Thumb Code     0  startup_stm32f407xx.o(.text)
    __aeabi_uldivmod                         0x080001c5   Thumb Code    98  uldiv.o(.text)
    __aeabi_memcpy                           0x08000227   Thumb Code    36  memcpya.o(.text)
    __aeabi_memcpy4                          0x08000227   Thumb Code     0  memcpya.o(.text)
    __aeabi_memcpy8                          0x08000227   Thumb Code     0  memcpya.o(.text)
    __aeabi_memset                           0x0800024b   Thumb Code    14  memseta.o(.text)
    __aeabi_memset4                          0x0800024b   Thumb Code     0  memseta.o(.text)
    __aeabi_memset8                          0x0800024b   Thumb Code     0  memseta.o(.text)
    __aeabi_memclr                           0x08000259   Thumb Code     4  memseta.o(.text)
    __aeabi_memclr4                          0x08000259   Thumb Code     0  memseta.o(.text)
    __aeabi_memclr8                          0x08000259   Thumb Code     0  memseta.o(.text)
    _memset$wrapper                          0x0800025d   Thumb Code    18  memseta.o(.text)
    __aeabi_llsl                             0x0800026f   Thumb Code    30  llshl.o(.text)
    _ll_shift_l                              0x0800026f   Thumb Code     0  llshl.o(.text)
    __aeabi_llsr                             0x0800028d   Thumb Code    32  llushr.o(.text)
    _ll_ushift_r                             0x0800028d   Thumb Code     0  llushr.o(.text)
    __scatterload                            0x080002ad   Thumb Code    28  init.o(.text)
    __scatterload_rt2                        0x080002ad   Thumb Code     0  init.o(.text)
    BusFault_Handler                         0x080002f9   Thumb Code     2  stm32f4xx_it.o(i.BusFault_Handler)
    DebugMon_Handler                         0x080002fb   Thumb Code     2  stm32f4xx_it.o(i.DebugMon_Handler)
    Error_Handler                            0x080002fd   Thumb Code     4  main.o(i.Error_Handler)
    HAL_GPIO_Init                            0x08000301   Thumb Code   394  stm32f4xx_hal_gpio.o(i.HAL_GPIO_Init)
    HAL_GPIO_WritePin                        0x080004b9   Thumb Code    10  stm32f4xx_hal_gpio.o(i.HAL_GPIO_WritePin)
    HAL_GetTick                              0x080004c5   Thumb Code     6  stm32f4xx_hal.o(i.HAL_GetTick)
    HAL_I2C_Init                             0x080004d1   Thumb Code   376  stm32f4xx_hal_i2c.o(i.HAL_I2C_Init)
    HAL_I2C_MspInit                          0x08000659   Thumb Code    92  i2c.o(i.HAL_I2C_MspInit)
    HAL_IncTick                              0x080006c1   Thumb Code    12  stm32f4xx_hal.o(i.HAL_IncTick)
    HAL_Init                                 0x080006d1   Thumb Code    48  stm32f4xx_hal.o(i.HAL_Init)
    HAL_InitTick                             0x08000705   Thumb Code    54  stm32f4xx_hal.o(i.HAL_InitTick)
    HAL_MspInit                              0x08000745   Thumb Code    42  stm32f4xx_hal_msp.o(i.HAL_MspInit)
    HAL_NVIC_SetPriority                     0x08000775   Thumb Code    60  stm32f4xx_hal_cortex.o(i.HAL_NVIC_SetPriority)
    HAL_NVIC_SetPriorityGrouping             0x080007b5   Thumb Code    26  stm32f4xx_hal_cortex.o(i.HAL_NVIC_SetPriorityGrouping)
    HAL_RCC_ClockConfig                      0x080007d9   Thumb Code   288  stm32f4xx_hal_rcc.o(i.HAL_RCC_ClockConfig)
    HAL_RCC_GetPCLK1Freq                     0x0800090d   Thumb Code    20  stm32f4xx_hal_rcc.o(i.HAL_RCC_GetPCLK1Freq)
    HAL_RCC_GetPCLK2Freq                     0x0800092d   Thumb Code    20  stm32f4xx_hal_rcc.o(i.HAL_RCC_GetPCLK2Freq)
    HAL_RCC_GetSysClockFreq                  0x0800094d   Thumb Code    88  stm32f4xx_hal_rcc.o(i.HAL_RCC_GetSysClockFreq)
    HAL_RCC_OscConfig                        0x080009ad   Thumb Code   840  stm32f4xx_hal_rcc.o(i.HAL_RCC_OscConfig)
    HAL_SPI_Init                             0x08000d09   Thumb Code   128  stm32f4xx_hal_spi.o(i.HAL_SPI_Init)
    HAL_SPI_MspInit                          0x08000d89   Thumb Code    92  spi.o(i.HAL_SPI_MspInit)
    HAL_SYSTICK_Config                       0x08000df1   Thumb Code    40  stm32f4xx_hal_cortex.o(i.HAL_SYSTICK_Config)
    HAL_UART_Init                            0x08000e19   Thumb Code    98  stm32f4xx_hal_uart.o(i.HAL_UART_Init)
    HAL_UART_MspInit                         0x08000e7d   Thumb Code    94  usart.o(i.HAL_UART_MspInit)
    HAL_UART_Transmit                        0x08000ee9   Thumb Code   186  stm32f4xx_hal_uart.o(i.HAL_UART_Transmit)
    HardFault_Handler                        0x08000fa3   Thumb Code     2  stm32f4xx_it.o(i.HardFault_Handler)
    MX_GPIO_Init                             0x080010c1   Thumb Code   118  gpio.o(i.MX_GPIO_Init)
    MX_I2C1_Init                             0x08001145   Thumb Code    50  i2c.o(i.MX_I2C1_Init)
    MX_SPI1_Init                             0x08001185   Thumb Code    62  spi.o(i.MX_SPI1_Init)
    MX_USART1_UART_Init                      0x080011cd   Thumb Code    48  usart.o(i.MX_USART1_UART_Init)
    MemManage_Handler                        0x08001205   Thumb Code     2  stm32f4xx_it.o(i.MemManage_Handler)
    NMI_Handler                              0x08001297   Thumb Code     2  stm32f4xx_it.o(i.NMI_Handler)
    PendSV_Handler                           0x08001299   Thumb Code     2  stm32f4xx_it.o(i.PendSV_Handler)
    SVC_Handler                              0x0800129b   Thumb Code     2  stm32f4xx_it.o(i.SVC_Handler)
    SysTick_Handler                          0x08001349   Thumb Code     4  stm32f4xx_it.o(i.SysTick_Handler)
    SystemClock_Config                       0x0800134d   Thumb Code   138  main.o(i.SystemClock_Config)
    SystemInit                               0x080013e1   Thumb Code    22  system_stm32f4xx.o(i.SystemInit)
    UsageFault_Handler                       0x08001589   Thumb Code     2  stm32f4xx_it.o(i.UsageFault_Handler)
    __0printf$5                              0x0800158d   Thumb Code    22  printf5.o(i.__0printf$5)
    __1printf$5                              0x0800158d   Thumb Code     0  printf5.o(i.__0printf$5)
    __2printf                                0x0800158d   Thumb Code     0  printf5.o(i.__0printf$5)
    __scatterload_copy                       0x080015cd   Thumb Code    14  handlers.o(i.__scatterload_copy)
    __scatterload_null                       0x080015db   Thumb Code     2  handlers.o(i.__scatterload_null)
    __scatterload_zeroinit                   0x080015dd   Thumb Code    14  handlers.o(i.__scatterload_zeroinit)
    aes_decrypt                              0x080018ad   Thumb Code   146  aes.o(i.aes_decrypt)
    aes_encrypt                              0x0800193f   Thumb Code   150  aes.o(i.aes_encrypt)
    aes_initKey                              0x080019d5   Thumb Code   322  aes.o(i.aes_initKey)
    fputc                                    0x08001b1d   Thumb Code    22  main.o(i.fputc)
    main                                     0x08001bd5   Thumb Code   148  main.o(i.main)
    AHBPrescTable                            0x08001ec0   Data          16  system_stm32f4xx.o(.constdata)
    APBPrescTable                            0x08001ed0   Data           8  system_stm32f4xx.o(.constdata)
    Region$$Table$$Base                      0x08001ed8   Number         0  anon$$obj.o(Region$$Table)
    Region$$Table$$Limit                     0x08001ef8   Number         0  anon$$obj.o(Region$$Table)
    uwTickFreq                               0x20000000   Data           1  stm32f4xx_hal.o(.data)
    uwTickPrio                               0x20000004   Data           4  stm32f4xx_hal.o(.data)
    uwTick                                   0x20000008   Data           4  stm32f4xx_hal.o(.data)
    SystemCoreClock                          0x2000000c   Data           4  system_stm32f4xx.o(.data)
    __stdout                                 0x20000010   Data           4  stdout.o(.data)
    hi2c1                                    0x20000014   Data          84  i2c.o(.bss)
    hspi1                                    0x20000068   Data          88  spi.o(.bss)
    huart1                                   0x200000c0   Data          64  usart.o(.bss)
    __initial_sp                             0x20000500   Data           0  startup_stm32f407xx.o(STACK)



==============================================================================

Memory Map of the image

  Image Entry point : 0x08000189

  Load Region LR_IROM1 (Base: 0x08000000, Size: 0x00001f0c, Max: 0x00080000, ABSOLUTE)

    Execution Region ER_IROM1 (Exec base: 0x08000000, Load base: 0x08000000, Size: 0x00001ef8, Max: 0x00080000, ABSOLUTE)

    Exec Addr    Load Addr    Size         Type   Attr      Idx    E Section Name        Object

    0x08000000   0x08000000   0x00000188   Data   RO            3    RESET               startup_stm32f407xx.o
    0x08000188   0x08000188   0x00000000   Code   RO         4622  * .ARM.Collect$$$$00000000  mc_w.l(entry.o)
    0x08000188   0x08000188   0x00000004   Code   RO         4896    .ARM.Collect$$$$00000001  mc_w.l(entry2.o)
    0x0800018c   0x0800018c   0x00000004   Code   RO         4899    .ARM.Collect$$$$00000004  mc_w.l(entry5.o)
    0x08000190   0x08000190   0x00000000   Code   RO         4901    .ARM.Collect$$$$00000008  mc_w.l(entry7b.o)
    0x08000190   0x08000190   0x00000000   Code   RO         4903    .ARM.Collect$$$$0000000A  mc_w.l(entry8b.o)
    0x08000190   0x08000190   0x00000008   Code   RO         4904    .ARM.Collect$$$$0000000B  mc_w.l(entry9a.o)
    0x08000198   0x08000198   0x00000004   Code   RO         4911    .ARM.Collect$$$$0000000E  mc_w.l(entry12b.o)
    0x0800019c   0x0800019c   0x00000000   Code   RO         4906    .ARM.Collect$$$$0000000F  mc_w.l(entry10a.o)
    0x0800019c   0x0800019c   0x00000000   Code   RO         4908    .ARM.Collect$$$$00000011  mc_w.l(entry11a.o)
    0x0800019c   0x0800019c   0x00000004   Code   RO         4897    .ARM.Collect$$$$00002712  mc_w.l(entry2.o)
    0x080001a0   0x080001a0   0x00000024   Code   RO            4    .text               startup_stm32f407xx.o
    0x080001c4   0x080001c4   0x00000062   Code   RO         4625    .text               mc_w.l(uldiv.o)
    0x08000226   0x08000226   0x00000024   Code   RO         4627    .text               mc_w.l(memcpya.o)
    0x0800024a   0x0800024a   0x00000024   Code   RO         4629    .text               mc_w.l(memseta.o)
    0x0800026e   0x0800026e   0x0000001e   Code   RO         4915    .text               mc_w.l(llshl.o)
    0x0800028c   0x0800028c   0x00000020   Code   RO         4917    .text               mc_w.l(llushr.o)
    0x080002ac   0x080002ac   0x00000024   Code   RO         4930    .text               mc_w.l(init.o)
    0x080002d0   0x080002d0   0x00000028   Code   RO          480    i.AddRoundKey       aes.o
    0x080002f8   0x080002f8   0x00000002   Code   RO          384    i.BusFault_Handler  stm32f4xx_it.o
    0x080002fa   0x080002fa   0x00000002   Code   RO          385    i.DebugMon_Handler  stm32f4xx_it.o
    0x080002fc   0x080002fc   0x00000004   Code   RO           13    i.Error_Handler     main.o
    0x08000300   0x08000300   0x000001b8   Code   RO         1389    i.HAL_GPIO_Init     stm32f4xx_hal_gpio.o
    0x080004b8   0x080004b8   0x0000000a   Code   RO         1393    i.HAL_GPIO_WritePin  stm32f4xx_hal_gpio.o
    0x080004c2   0x080004c2   0x00000002   PAD
    0x080004c4   0x080004c4   0x0000000c   Code   RO         1921    i.HAL_GetTick       stm32f4xx_hal.o
    0x080004d0   0x080004d0   0x00000188   Code   RO          600    i.HAL_I2C_Init      stm32f4xx_hal_i2c.o
    0x08000658   0x08000658   0x00000068   Code   RO          259    i.HAL_I2C_MspInit   i2c.o
    0x080006c0   0x080006c0   0x00000010   Code   RO         1927    i.HAL_IncTick       stm32f4xx_hal.o
    0x080006d0   0x080006d0   0x00000034   Code   RO         1928    i.HAL_Init          stm32f4xx_hal.o
    0x08000704   0x08000704   0x00000040   Code   RO         1929    i.HAL_InitTick      stm32f4xx_hal.o
    0x08000744   0x08000744   0x00000030   Code   RO          459    i.HAL_MspInit       stm32f4xx_hal_msp.o
    0x08000774   0x08000774   0x00000040   Code   RO         1784    i.HAL_NVIC_SetPriority  stm32f4xx_hal_cortex.o
    0x080007b4   0x080007b4   0x00000024   Code   RO         1785    i.HAL_NVIC_SetPriorityGrouping  stm32f4xx_hal_cortex.o
    0x080007d8   0x080007d8   0x00000134   Code   RO         1035    i.HAL_RCC_ClockConfig  stm32f4xx_hal_rcc.o
    0x0800090c   0x0800090c   0x00000020   Code   RO         1042    i.HAL_RCC_GetPCLK1Freq  stm32f4xx_hal_rcc.o
    0x0800092c   0x0800092c   0x00000020   Code   RO         1043    i.HAL_RCC_GetPCLK2Freq  stm32f4xx_hal_rcc.o
    0x0800094c   0x0800094c   0x00000060   Code   RO         1044    i.HAL_RCC_GetSysClockFreq  stm32f4xx_hal_rcc.o
    0x080009ac   0x080009ac   0x0000035c   Code   RO         1047    i.HAL_RCC_OscConfig  stm32f4xx_hal_rcc.o
    0x08000d08   0x08000d08   0x00000080   Code   RO         2177    i.HAL_SPI_Init      stm32f4xx_hal_spi.o
    0x08000d88   0x08000d88   0x00000068   Code   RO          301    i.HAL_SPI_MspInit   spi.o
    0x08000df0   0x08000df0   0x00000028   Code   RO         1789    i.HAL_SYSTICK_Config  stm32f4xx_hal_cortex.o
    0x08000e18   0x08000e18   0x00000062   Code   RO         2549    i.HAL_UART_Init     stm32f4xx_hal_uart.o
    0x08000e7a   0x08000e7a   0x00000002   PAD
    0x08000e7c   0x08000e7c   0x0000006c   Code   RO          343    i.HAL_UART_MspInit  usart.o
    0x08000ee8   0x08000ee8   0x000000ba   Code   RO         2557    i.HAL_UART_Transmit  stm32f4xx_hal_uart.o
    0x08000fa2   0x08000fa2   0x00000002   Code   RO          386    i.HardFault_Handler  stm32f4xx_it.o
    0x08000fa4   0x08000fa4   0x000000b4   Code   RO          481    i.InvMixColumns     aes.o
    0x08001058   0x08001058   0x00000038   Code   RO          482    i.InvShiftRows      aes.o
    0x08001090   0x08001090   0x00000030   Code   RO          483    i.InvSubBytes       aes.o
    0x080010c0   0x080010c0   0x00000084   Code   RO          234    i.MX_GPIO_Init      gpio.o
    0x08001144   0x08001144   0x00000040   Code   RO          260    i.MX_I2C1_Init      i2c.o
    0x08001184   0x08001184   0x00000048   Code   RO          302    i.MX_SPI1_Init      spi.o
    0x080011cc   0x080011cc   0x00000038   Code   RO          344    i.MX_USART1_UART_Init  usart.o
    0x08001204   0x08001204   0x00000002   Code   RO          387    i.MemManage_Handler  stm32f4xx_it.o
    0x08001206   0x08001206   0x00000090   Code   RO          484    i.MixColumns        aes.o
    0x08001296   0x08001296   0x00000002   Code   RO          388    i.NMI_Handler       stm32f4xx_it.o
    0x08001298   0x08001298   0x00000002   Code   RO          389    i.PendSV_Handler    stm32f4xx_it.o
    0x0800129a   0x0800129a   0x00000002   Code   RO          390    i.SVC_Handler       stm32f4xx_it.o
    0x0800129c   0x0800129c   0x00000034   Code   RO          485    i.ShiftRows         aes.o
    0x080012d0   0x080012d0   0x00000030   Code   RO          486    i.SubBytes          aes.o
    0x08001300   0x08001300   0x00000048   Code   RO          487    i.SubWord4          aes.o
    0x08001348   0x08001348   0x00000004   Code   RO          391    i.SysTick_Handler   stm32f4xx_it.o
    0x0800134c   0x0800134c   0x00000094   Code   RO           14    i.SystemClock_Config  main.o
    0x080013e0   0x080013e0   0x0000001c   Code   RO         2851    i.SystemInit        system_stm32f4xx.o
    0x080013fc   0x080013fc   0x00000128   Code   RO         2575    i.UART_SetConfig    stm32f4xx_hal_uart.o
    0x08001524   0x08001524   0x00000064   Code   RO         2577    i.UART_WaitOnFlagUntilTimeout  stm32f4xx_hal_uart.o
    0x08001588   0x08001588   0x00000002   Code   RO          392    i.UsageFault_Handler  stm32f4xx_it.o
    0x0800158a   0x0800158a   0x00000002   PAD
    0x0800158c   0x0800158c   0x00000020   Code   RO         4768    i.__0printf$5       mc_w.l(printf5.o)
    0x080015ac   0x080015ac   0x00000020   Code   RO         1791    i.__NVIC_SetPriority  stm32f4xx_hal_cortex.o
    0x080015cc   0x080015cc   0x0000000e   Code   RO         4938    i.__scatterload_copy  mc_w.l(handlers.o)
    0x080015da   0x080015da   0x00000002   Code   RO         4939    i.__scatterload_null  mc_w.l(handlers.o)
    0x080015dc   0x080015dc   0x0000000e   Code   RO         4940    i.__scatterload_zeroinit  mc_w.l(handlers.o)
    0x080015ea   0x080015ea   0x00000002   PAD
    0x080015ec   0x080015ec   0x000002c0   Code   RO         4775    i._printf_core      mc_w.l(printf5.o)
    0x080018ac   0x080018ac   0x00000092   Code   RO          488    i.aes_decrypt       aes.o
    0x0800193e   0x0800193e   0x00000096   Code   RO          489    i.aes_encrypt       aes.o
    0x080019d4   0x080019d4   0x00000148   Code   RO          490    i.aes_initKey       aes.o
    0x08001b1c   0x08001b1c   0x0000001c   Code   RO           15    i.fputc             main.o
    0x08001b38   0x08001b38   0x00000012   Code   RO          491    i.gfmultby02        aes.o
    0x08001b4a   0x08001b4a   0x0000000c   Code   RO          492    i.gfmultby03        aes.o
    0x08001b56   0x08001b56   0x00000014   Code   RO          493    i.gfmultby09        aes.o
    0x08001b6a   0x08001b6a   0x0000001e   Code   RO          494    i.gfmultby0b        aes.o
    0x08001b88   0x08001b88   0x00000024   Code   RO          495    i.gfmultby0d        aes.o
    0x08001bac   0x08001bac   0x00000028   Code   RO          496    i.gfmultby0e        aes.o
    0x08001bd4   0x08001bd4   0x000000c0   Code   RO           16    i.main              main.o
    0x08001c94   0x08001c94   0x0000022c   Data   RO          497    .constdata          aes.o
    0x08001ec0   0x08001ec0   0x00000010   Data   RO         2852    .constdata          system_stm32f4xx.o
    0x08001ed0   0x08001ed0   0x00000008   Data   RO         2853    .constdata          system_stm32f4xx.o
    0x08001ed8   0x08001ed8   0x00000020   Data   RO         4936    Region$$Table       anon$$obj.o


    Execution Region RW_IRAM2 (Exec base: 0x10000000, Load base: 0x08001f0c, Size: 0x00000000, Max: 0x00010000, ABSOLUTE)

    **** No section assigned to this execution region ****


    Execution Region RW_IRAM1 (Exec base: 0x20000000, Load base: 0x08001ef8, Size: 0x00000500, Max: 0x00020000, ABSOLUTE)

    Exec Addr    Load Addr    Size         Type   Attr      Idx    E Section Name        Object

    0x20000000   0x08001ef8   0x0000000c   Data   RW         1935    .data               stm32f4xx_hal.o
    0x2000000c   0x08001f04   0x00000004   Data   RW         2854    .data               system_stm32f4xx.o
    0x20000010   0x08001f08   0x00000004   Data   RW         4912    .data               mc_w.l(stdout.o)
    0x20000014        -       0x00000054   Zero   RW          261    .bss                i2c.o
    0x20000068        -       0x00000058   Zero   RW          303    .bss                spi.o
    0x200000c0        -       0x00000040   Zero   RW          345    .bss                usart.o
    0x20000100        -       0x00000400   Zero   RW            1    STACK               startup_stm32f407xx.o


==============================================================================

Image component sizes


      Code (inc. data)   RO Data    RW Data    ZI Data      Debug   Object Name

      1420         22        556          0          0      12098   aes.o
       132         14          0          0          0        935   gpio.o
       168         26          0          0         84       1697   i2c.o
       372         60          0          0          0     674500   main.o
       176         22          0          0         88       1701   spi.o
        36          8        392          0       1024        840   startup_stm32f407xx.o
       144         24          0         12          0       8801   stm32f4xx_hal.o
       172         14          0          0          0      33278   stm32f4xx_hal_cortex.o
       450         46          0          0          0       2408   stm32f4xx_hal_gpio.o
       392         16          0          0          0       3111   stm32f4xx_hal_i2c.o
        48          6          0          0          0        862   stm32f4xx_hal_msp.o
      1328         72          0          0          0       5252   stm32f4xx_hal_rcc.o
       128          0          0          0          0       1171   stm32f4xx_hal_spi.o
       680         10          0          0          0       4144   stm32f4xx_hal_uart.o
        20          0          0          0          0       4202   stm32f4xx_it.o
        28          6         24          4          0       1167   system_stm32f4xx.o
       164         22          0          0         64       1722   usart.o

    ----------------------------------------------------------------------
      5864        368       1004         16       1260     757889   Object Totals
         0          0         32          0          0          0   (incl. Generated)
         6          0          0          0          0          0   (incl. Padding)

    ----------------------------------------------------------------------

      Code (inc. data)   RO Data    RW Data    ZI Data      Debug   Library Member Name

         0          0          0          0          0          0   entry.o
         0          0          0          0          0          0   entry10a.o
         0          0          0          0          0          0   entry11a.o
         4          0          0          0          0          0   entry12b.o
         8          4          0          0          0          0   entry2.o
         4          0          0          0          0          0   entry5.o
         0          0          0          0          0          0   entry7b.o
         0          0          0          0          0          0   entry8b.o
         8          4          0          0          0          0   entry9a.o
        30          0          0          0          0          0   handlers.o
        36          8          0          0          0         68   init.o
        30          0          0          0          0         68   llshl.o
        32          0          0          0          0         68   llushr.o
        36          0          0          0          0         68   memcpya.o
        36          0          0          0          0        108   memseta.o
       736         54          0          0          0        184   printf5.o
         0          0          0          4          0          0   stdout.o
        98          0          0          0          0         92   uldiv.o

    ----------------------------------------------------------------------
      1060         70          0          4          0        656   Library Totals
         2          0          0          0          0          0   (incl. Padding)

    ----------------------------------------------------------------------

      Code (inc. data)   RO Data    RW Data    ZI Data      Debug   Library Name

      1058         70          0          4          0        656   mc_w.l

    ----------------------------------------------------------------------
      1060         70          0          4          0        656   Library Totals

    ----------------------------------------------------------------------

==============================================================================


      Code (inc. data)   RO Data    RW Data    ZI Data      Debug   

      6924        438       1004         20       1260     753189   Grand Totals
      6924        438       1004         20       1260     753189   ELF Image Totals
      6924        438       1004         20          0          0   ROM Totals

==============================================================================

    Total RO  Size (Code + RO Data)                 7928 (   7.74kB)
    Total RW  Size (RW Data + ZI Data)              1280 (   1.25kB)
    Total ROM Size (Code + RO Data + RW Data)       7948 (   7.76kB)

==============================================================================

